Archive member included to satisfy reference by file (symbol)

Sensor_lib/libsensors.a(sensors.cpp.obj)
                              CMakeFiles/razzismo.dir/razzismo.cpp.obj (MPU6050::MPU6050(i2c_inst*))
/opt/gcc-arm-none-eabi-10-2020-q4-major/bin/../lib/gcc/arm-none-eabi/10.2.1/thumb/v6-m/nofp/libgcc.a(_dvmd_tls.o)
                              CMakeFiles/razzismo.dir/home/yogn/pico/pico-sdk/src/rp2_common/pico_divider/divider.S.obj (__aeabi_idiv0)
/opt/gcc-arm-none-eabi-10-2020-q4-major/bin/../lib/gcc/arm-none-eabi/10.2.1/../../../../arm-none-eabi/lib/thumb/v6-m/nofp/libc.a(lib_a-calloc.o)
                              CMakeFiles/razzismo.dir/home/yogn/pico/pico-sdk/src/rp2_common/pico_malloc/pico_malloc.c.obj (calloc)
/opt/gcc-arm-none-eabi-10-2020-q4-major/bin/../lib/gcc/arm-none-eabi/10.2.1/../../../../arm-none-eabi/lib/thumb/v6-m/nofp/libc.a(lib_a-callocr.o)
                              /opt/gcc-arm-none-eabi-10-2020-q4-major/bin/../lib/gcc/arm-none-eabi/10.2.1/../../../../arm-none-eabi/lib/thumb/v6-m/nofp/libc.a(lib_a-calloc.o) (_calloc_r)
/opt/gcc-arm-none-eabi-10-2020-q4-major/bin/../lib/gcc/arm-none-eabi/10.2.1/../../../../arm-none-eabi/lib/thumb/v6-m/nofp/libc.a(lib_a-impure.o)
                              /opt/gcc-arm-none-eabi-10-2020-q4-major/bin/../lib/gcc/arm-none-eabi/10.2.1/../../../../arm-none-eabi/lib/thumb/v6-m/nofp/libc.a(lib_a-calloc.o) (_impure_ptr)
/opt/gcc-arm-none-eabi-10-2020-q4-major/bin/../lib/gcc/arm-none-eabi/10.2.1/../../../../arm-none-eabi/lib/thumb/v6-m/nofp/libc.a(lib_a-init.o)
                              /opt/gcc-arm-none-eabi-10-2020-q4-major/bin/../lib/gcc/arm-none-eabi/10.2.1/../../../../arm-none-eabi/lib/thumb/v6-m/nofp/crt0.o (__libc_init_array)
/opt/gcc-arm-none-eabi-10-2020-q4-major/bin/../lib/gcc/arm-none-eabi/10.2.1/../../../../arm-none-eabi/lib/thumb/v6-m/nofp/libc.a(lib_a-malloc.o)
                              CMakeFiles/razzismo.dir/home/yogn/pico/pico-sdk/src/rp2_common/pico_malloc/pico_malloc.c.obj (malloc)
/opt/gcc-arm-none-eabi-10-2020-q4-major/bin/../lib/gcc/arm-none-eabi/10.2.1/../../../../arm-none-eabi/lib/thumb/v6-m/nofp/libc.a(lib_a-mallocr.o)
                              /opt/gcc-arm-none-eabi-10-2020-q4-major/bin/../lib/gcc/arm-none-eabi/10.2.1/../../../../arm-none-eabi/lib/thumb/v6-m/nofp/libc.a(lib_a-callocr.o) (_malloc_r)
/opt/gcc-arm-none-eabi-10-2020-q4-major/bin/../lib/gcc/arm-none-eabi/10.2.1/../../../../arm-none-eabi/lib/thumb/v6-m/nofp/libc.a(lib_a-mlock.o)
                              /opt/gcc-arm-none-eabi-10-2020-q4-major/bin/../lib/gcc/arm-none-eabi/10.2.1/../../../../arm-none-eabi/lib/thumb/v6-m/nofp/libc.a(lib_a-mallocr.o) (__malloc_lock)
/opt/gcc-arm-none-eabi-10-2020-q4-major/bin/../lib/gcc/arm-none-eabi/10.2.1/../../../../arm-none-eabi/lib/thumb/v6-m/nofp/libc.a(lib_a-realloc.o)
                              CMakeFiles/razzismo.dir/home/yogn/pico/pico-sdk/src/rp2_common/pico_malloc/pico_malloc.c.obj (realloc)
/opt/gcc-arm-none-eabi-10-2020-q4-major/bin/../lib/gcc/arm-none-eabi/10.2.1/../../../../arm-none-eabi/lib/thumb/v6-m/nofp/libc.a(lib_a-reallocr.o)
                              /opt/gcc-arm-none-eabi-10-2020-q4-major/bin/../lib/gcc/arm-none-eabi/10.2.1/../../../../arm-none-eabi/lib/thumb/v6-m/nofp/libc.a(lib_a-realloc.o) (_realloc_r)
/opt/gcc-arm-none-eabi-10-2020-q4-major/bin/../lib/gcc/arm-none-eabi/10.2.1/../../../../arm-none-eabi/lib/thumb/v6-m/nofp/libc.a(lib_a-sbrkr.o)
                              /opt/gcc-arm-none-eabi-10-2020-q4-major/bin/../lib/gcc/arm-none-eabi/10.2.1/../../../../arm-none-eabi/lib/thumb/v6-m/nofp/libc.a(lib_a-mallocr.o) (_sbrk_r)
/opt/gcc-arm-none-eabi-10-2020-q4-major/bin/../lib/gcc/arm-none-eabi/10.2.1/../../../../arm-none-eabi/lib/thumb/v6-m/nofp/libc.a(lib_a-strlen-stub.o)
                              CMakeFiles/razzismo.dir/home/yogn/pico/pico-sdk/src/rp2_common/pico_stdio/stdio.c.obj (strlen)
/opt/gcc-arm-none-eabi-10-2020-q4-major/bin/../lib/gcc/arm-none-eabi/10.2.1/../../../../arm-none-eabi/lib/thumb/v6-m/nofp/libc.a(lib_a-freer.o)
                              /opt/gcc-arm-none-eabi-10-2020-q4-major/bin/../lib/gcc/arm-none-eabi/10.2.1/../../../../arm-none-eabi/lib/thumb/v6-m/nofp/libc.a(lib_a-malloc.o) (_free_r)
/opt/gcc-arm-none-eabi-10-2020-q4-major/bin/../lib/gcc/arm-none-eabi/10.2.1/../../../../arm-none-eabi/lib/thumb/v6-m/nofp/libc.a(lib_a-lock.o)
                              /opt/gcc-arm-none-eabi-10-2020-q4-major/bin/../lib/gcc/arm-none-eabi/10.2.1/../../../../arm-none-eabi/lib/thumb/v6-m/nofp/libc.a(lib_a-mlock.o) (__retarget_lock_acquire_recursive)
/opt/gcc-arm-none-eabi-10-2020-q4-major/bin/../lib/gcc/arm-none-eabi/10.2.1/../../../../arm-none-eabi/lib/thumb/v6-m/nofp/libc.a(lib_a-memmove.o)
                              /opt/gcc-arm-none-eabi-10-2020-q4-major/bin/../lib/gcc/arm-none-eabi/10.2.1/../../../../arm-none-eabi/lib/thumb/v6-m/nofp/libc.a(lib_a-reallocr.o) (memmove)
[...]
Memory Configuration

Name             Origin             Length             Attributes
FLASH            0x0000000010000000 0x0000000000200000 xr
RAM              0x0000000020000000 0x0000000000040000 xrw
SCRATCH_X        0x0000000020040000 0x0000000000001000 xrw
SCRATCH_Y        0x0000000020041000 0x0000000000001000 xrw
*default*        0x0000000000000000 0xffffffffffffffff

Linker script and memory map

LOAD /opt/gcc-arm-none-eabi-10-2020-q4-major/bin/../lib/gcc/arm-none-eabi/10.2.1/thumb/v6-m/nofp/crti.o
LOAD /opt/gcc-arm-none-eabi-10-2020-q4-major/bin/../lib/gcc/arm-none-eabi/10.2.1/thumb/v6-m/nofp/crtbegin.o
LOAD /opt/gcc-arm-none-eabi-10-2020-q4-major/bin/../lib/gcc/arm-none-eabi/10.2.1/../../../../arm-none-eabi/lib/thumb/v6-m/nofp/crt0.o

.flash_begin    0x0000000010000000        0x0
                0x0000000010000000                __flash_binary_start = .

.boot2          0x0000000010000000      0x100
                0x0000000010000000                __boot2_start__ = .
 *(.boot2)
 .boot2         0x0000000010000000      0x100 /tmp/ccUNNCUD.o
                0x0000000010000100                __boot2_end__ = .
                0x0000000000000001                ASSERT (((__boot2_end__ - __boot2_start__) == 0x100), ERROR: Pico second stage bootloader must be 256 bytes in size)

.text           0x0000000010000100     0x6b68
                0x0000000010000100                __logical_binary_start = .
 *(.vectors)
 .vectors       0x0000000010000100       0xd4 CMakeFiles/razzismo.dir/home/yogn/pico/pico-sdk/src/rp2_common/pico_standard_link/crt0.S.obj
                0x0000000010000100                __vectors
                0x0000000010000100                __VECTOR_TABLE
                0x00000000100001c0                isr_invalid
                0x00000000100001c0                __default_isrs_start
                0x00000000100001c2                isr_nmi
                0x00000000100001c4                isr_hardfault
                0x00000000100001c6                isr_svcall
                0x00000000100001c8                isr_pendsv
                0x00000000100001ca                isr_systick
                0x00000000100001cc                isr_irq30
                0x00000000100001cc                __unhandled_user_irq
                0x00000000100001cc                isr_irq13
                0x00000000100001cc                isr_irq27
                0x00000000100001cc                isr_irq31
                0x00000000100001cc                isr_irq5
                0x00000000100001cc                isr_irq11
                0x00000000100001cc                isr_irq23
                0x00000000100001cc                isr_irq18
                0x00000000100001cc                isr_irq28
                0x00000000100001cc                isr_irq19
                0x00000000100001cc                isr_irq0
                0x00000000100001cc                isr_irq6
                0x00000000100001cc                isr_irq22
                0x00000000100001cc                isr_irq17
                0x00000000100001cc                isr_irq14
                0x00000000100001cc                isr_irq2
                0x00000000100001cc                isr_irq10
                0x00000000100001cc                isr_irq8
                0x00000000100001cc                isr_irq24
                0x00000000100001cc                isr_irq1
                0x00000000100001cc                isr_irq7
                0x00000000100001cc                isr_irq21
                0x00000000100001cc                isr_irq20
                0x00000000100001cc                isr_irq15
                0x00000000100001cc                isr_irq25
                0x00000000100001cc                isr_irq4
                0x00000000100001cc                isr_irq16
                0x00000000100001cc                isr_irq29
                0x00000000100001cc                isr_irq26
                0x00000000100001cc                __default_isrs_end
                0x00000000100001cc                isr_irq3
                0x00000000100001cc                isr_irq12
                0x00000000100001cc                isr_irq9
                0x00000000100001d2                unhandled_user_irq_num_in_r0
 *(.binary_info_header)
 .binary_info_header
                0x00000000100001d4       0x14 CMakeFiles/razzismo.dir/home/yogn/pico/pico-sdk/src/rp2_common/pico_standard_link/crt0.S.obj
                0x00000000100001e8                __binary_info_header_end = .
 *(.reset)
 .reset         0x00000000100001e8       0xa0 CMakeFiles/razzismo.dir/home/yogn/pico/pico-sdk/src/rp2_common/pico_standard_link/crt0.S.obj
                0x00000000100001e8                _entry_point
 .reset         0x0000000010000288       0x30 CMakeFiles/razzismo.dir/home/yogn/pico/pico-sdk/src/rp2_common/pico_standard_link/binary_info.c.obj
 *(.init)
 .init          0x00000000100002b8        0x4 /opt/gcc-arm-none-eabi-10-2020-q4-major/bin/../lib/gcc/arm-none-eabi/10.2.1/thumb/v6-m/nofp/crti.o
                0x00000000100002b8                _init
 *(EXCLUDE_FILE(*libm.a: *libc.a:*lib_a-mem*.o *libgcc.a:) .text*)
 .text          0x00000000100002bc       0x48 /opt/gcc-arm-none-eabi-10-2020-q4-major/bin/../lib/gcc/arm-none-eabi/10.2.1/thumb/v6-m/nofp/crtbegin.o
 .text.startup.main
                0x0000000010000304      0x120 CMakeFiles/razzismo.dir/razzismo.cpp.obj
                0x0000000010000304                main
 .text.gpio_set_function
                0x0000000010000424       0x30 CMakeFiles/razzismo.dir/home/yogn/pico/pico-sdk/src/rp2_common/hardware_gpio/gpio.c.obj
                0x0000000010000424                gpio_set_function
 .text.gpio_set_pulls
                0x0000000010000454       0x30 CMakeFiles/razzismo.dir/home/yogn/pico/pico-sdk/src/rp2_common/hardware_gpio/gpio.c.obj
                0x0000000010000454                gpio_set_pulls
 .text.running_on_fpga
                0x0000000010000484       0x10 CMakeFiles/razzismo.dir/home/yogn/pico/pico-sdk/src/rp2_common/pico_platform/platform.c.obj
                0x0000000010000484                running_on_fpga
 .text.hw_claim_or_assert
                0x0000000010000494       0x44 CMakeFiles/razzismo.dir/home/yogn/pico/pico-sdk/src/rp2_common/hardware_claim/claim.c.obj
                0x0000000010000494                hw_claim_or_assert
 .text.hw_claim_unused_from_range
                0x00000000100004d8       0x9c CMakeFiles/razzismo.dir/home/yogn/pico/pico-sdk/src/rp2_common/hardware_claim/claim.c.obj
                0x00000000100004d8                hw_claim_unused_from_range
 .text.spin_locks_reset
                0x0000000010000574       0x1c CMakeFiles/razzismo.dir/home/yogn/pico/pico-sdk/src/rp2_common/hardware_sync/sync.c.obj
                0x0000000010000574                spin_locks_reset
 .text.next_striped_spin_lock_num
                0x0000000010000590       0x18 CMakeFiles/razzismo.dir/home/yogn/pico/pico-sdk/src/rp2_common/hardware_sync/sync.c.obj
                0x0000000010000590                next_striped_spin_lock_num
 .text.spin_lock_claim_unused
                0x00000000100005a8       0x20 CMakeFiles/razzismo.dir/home/yogn/pico/pico-sdk/src/rp2_common/hardware_sync/sync.c.obj
                0x00000000100005a8                spin_lock_claim_unused
 .text.irq_set_enabled
                0x00000000100005c8       0x24 CMakeFiles/razzismo.dir/home/yogn/pico/pico-sdk/src/rp2_common/hardware_irq/irq.c.obj
                0x00000000100005c8                irq_set_enabled
 .text.irq_set_pending
                0x00000000100005ec       0x10 CMakeFiles/razzismo.dir/home/yogn/pico/pico-sdk/src/rp2_common/hardware_irq/irq.c.obj
                0x00000000100005ec                irq_set_pending
 .text.irq_has_shared_handler
                0x00000000100005fc       0x2c CMakeFiles/razzismo.dir/home/yogn/pico/pico-sdk/src/rp2_common/hardware_irq/irq.c.obj
                0x00000000100005fc                irq_has_shared_handler
 .text.irq_get_vtable_handler
                0x0000000010000628       0x10 CMakeFiles/razzismo.dir/home/yogn/pico/pico-sdk/src/rp2_common/hardware_irq/irq.c.obj
                0x0000000010000628                irq_get_vtable_handler
 .text.irq_set_exclusive_handler
                0x0000000010000638       0x54 CMakeFiles/razzismo.dir/home/yogn/pico/pico-sdk/src/rp2_common/hardware_irq/irq.c.obj
                0x0000000010000638                irq_set_exclusive_handler
 .text.irq_add_shared_handler
                0x000000001000068c      0x1e8 CMakeFiles/razzismo.dir/home/yogn/pico/pico-sdk/src/rp2_common/hardware_irq/irq.c.obj
                0x000000001000068c                irq_add_shared_handler
 .text.irq_remove_handler
                0x0000000010000874      0x1b0 CMakeFiles/razzismo.dir/home/yogn/pico/pico-sdk/src/rp2_common/hardware_irq/irq.c.obj
                0x0000000010000874                irq_remove_handler
 .text.irq_add_tail_to_free_list
                0x0000000010000a24       0xb4 CMakeFiles/razzismo.dir/home/yogn/pico/pico-sdk/src/rp2_common/hardware_irq/irq.c.obj
                0x0000000010000a24                irq_add_tail_to_free_list
 .text.irq_init_priorities
                0x0000000010000ad8       0x24 CMakeFiles/razzismo.dir/home/yogn/pico/pico-sdk/src/rp2_common/hardware_irq/irq.c.obj
                0x0000000010000ad8                irq_init_priorities
 .text.user_irq_claim_unused
                0x0000000010000afc       0x28 CMakeFiles/razzismo.dir/home/yogn/pico/pico-sdk/src/rp2_common/hardware_irq/irq.c.obj
                0x0000000010000afc                user_irq_claim_unused
 .text.lock_init
                0x0000000010000b24       0x10 CMakeFiles/razzismo.dir/home/yogn/pico/pico-sdk/src/common/pico_sync/lock_core.c.obj
                0x0000000010000b24                lock_init
 .text.mutex_init
                0x0000000010000b34       0x1c CMakeFiles/razzismo.dir/home/yogn/pico/pico-sdk/src/common/pico_sync/mutex.c.obj
                0x0000000010000b34                mutex_init
 .text.recursive_mutex_init
                0x0000000010000b50       0x1c CMakeFiles/razzismo.dir/home/yogn/pico/pico-sdk/src/common/pico_sync/mutex.c.obj
                0x0000000010000b50                recursive_mutex_init
 .text.critical_section_init
                0x0000000010000b6c       0x20 CMakeFiles/razzismo.dir/home/yogn/pico/pico-sdk/src/common/pico_sync/critical_section.c.obj
                0x0000000010000b6c                critical_section_init
 .text.critical_section_init_with_lock_num
                0x0000000010000b8c       0x14 CMakeFiles/razzismo.dir/home/yogn/pico/pico-sdk/src/common/pico_sync/critical_section.c.obj
                0x0000000010000b8c                critical_section_init_with_lock_num
 .text.timer_pool_entry_comparator
                0x0000000010000ba0       0x34 CMakeFiles/razzismo.dir/home/yogn/pico/pico-sdk/src/common/pico_time/time.c.obj
                0x0000000010000ba0                timer_pool_entry_comparator
 .text.sleep_until_callback
                0x0000000010000bd4       0x30 CMakeFiles/razzismo.dir/home/yogn/pico/pico-sdk/src/common/pico_time/time.c.obj
 .text.add_alarm_under_lock.isra.0
                0x0000000010000c04      0x100 CMakeFiles/razzismo.dir/home/yogn/pico/pico-sdk/src/common/pico_time/time.c.obj
 .text.alarm_pool_alarm_callback
                0x0000000010000d04      0x1bc CMakeFiles/razzismo.dir/home/yogn/pico/pico-sdk/src/common/pico_time/time.c.obj
 .text.alarm_pool_init_default
                0x0000000010000ec0       0x6c CMakeFiles/razzismo.dir/home/yogn/pico/pico-sdk/src/common/pico_time/time.c.obj
                0x0000000010000ec0                alarm_pool_init_default
 .text.alarm_pool_get_default
                0x0000000010000f2c        0x8 CMakeFiles/razzismo.dir/home/yogn/pico/pico-sdk/src/common/pico_time/time.c.obj
                0x0000000010000f2c                alarm_pool_get_default
 .text.alarm_pool_add_alarm_at
                0x0000000010000f34      0x178 CMakeFiles/razzismo.dir/home/yogn/pico/pico-sdk/src/common/pico_time/time.c.obj
                0x0000000010000f34                alarm_pool_add_alarm_at
 .text.alarm_pool_core_num
                0x00000000100010ac        0x4 CMakeFiles/razzismo.dir/home/yogn/pico/pico-sdk/src/common/pico_time/time.c.obj
                0x00000000100010ac                alarm_pool_core_num
 .text.sleep_until
                0x00000000100010b0       0xc4 CMakeFiles/razzismo.dir/home/yogn/pico/pico-sdk/src/common/pico_time/time.c.obj
                0x00000000100010b0                sleep_until
 .text.sleep_ms
                0x0000000010001174       0x34 CMakeFiles/razzismo.dir/home/yogn/pico/pico-sdk/src/common/pico_time/time.c.obj
                0x0000000010001174                sleep_ms
 .text.best_effort_wfe_or_timeout
                0x00000000100011a8       0xd4 CMakeFiles/razzismo.dir/home/yogn/pico/pico-sdk/src/common/pico_time/time.c.obj
                0x00000000100011a8                best_effort_wfe_or_timeout
 .text.hardware_alarm_irq_handler
                0x000000001000127c       0xbc CMakeFiles/razzismo.dir/home/yogn/pico/pico-sdk/src/rp2_common/hardware_timer/timer.c.obj
 .text.hardware_alarm_claim
                0x0000000010001338       0x18 CMakeFiles/razzismo.dir/home/yogn/pico/pico-sdk/src/rp2_common/hardware_timer/timer.c.obj
                0x0000000010001338                hardware_alarm_claim
 .text.time_us_64
                0x0000000010001350       0x14 CMakeFiles/razzismo.dir/home/yogn/pico/pico-sdk/src/rp2_common/hardware_timer/timer.c.obj
                0x0000000010001350                time_us_64
 .text.busy_wait_until
                0x0000000010001364       0x20 CMakeFiles/razzismo.dir/home/yogn/pico/pico-sdk/src/rp2_common/hardware_timer/timer.c.obj
                0x0000000010001364                busy_wait_until
 .text.hardware_alarm_set_callback
                0x0000000010001384       0x8c CMakeFiles/razzismo.dir/home/yogn/pico/pico-sdk/src/rp2_common/hardware_timer/timer.c.obj
                0x0000000010001384                hardware_alarm_set_callback
 .text.hardware_alarm_set_target
                0x0000000010001410       0xd4 CMakeFiles/razzismo.dir/home/yogn/pico/pico-sdk/src/rp2_common/hardware_timer/timer.c.obj
                0x0000000010001410                hardware_alarm_set_target
 .text.hardware_alarm_cancel
                0x00000000100014e4       0x3c CMakeFiles/razzismo.dir/home/yogn/pico/pico-sdk/src/rp2_common/hardware_timer/timer.c.obj
                0x00000000100014e4                hardware_alarm_cancel
 .text.ph_merge_nodes
                0x0000000010001520       0x68 CMakeFiles/razzismo.dir/home/yogn/pico/pico-sdk/src/common/pico_util/pheap.c.obj
 .text.ph_post_alloc_init
                0x0000000010001588       0x3c CMakeFiles/razzismo.dir/home/yogn/pico/pico-sdk/src/common/pico_util/pheap.c.obj
                0x0000000010001588                ph_post_alloc_init
 .text.ph_merge_two_pass
                0x00000000100015c4       0x90 CMakeFiles/razzismo.dir/home/yogn/pico/pico-sdk/src/common/pico_util/pheap.c.obj
                0x00000000100015c4                ph_merge_two_pass
 .text.ph_remove_any_head
                0x0000000010001654      0x100 CMakeFiles/razzismo.dir/home/yogn/pico/pico-sdk/src/common/pico_util/pheap.c.obj
 .text.ph_remove_head
                0x0000000010001754      0x104 CMakeFiles/razzismo.dir/home/yogn/pico/pico-sdk/src/common/pico_util/pheap.c.obj
                0x0000000010001754                ph_remove_head
 .text.ph_remove_and_free_node
                0x0000000010001858       0x7c CMakeFiles/razzismo.dir/home/yogn/pico/pico-sdk/src/common/pico_util/pheap.c.obj
                0x0000000010001858                ph_remove_and_free_node
 .text.clocks_init
                0x00000000100018d4      0x2d0 CMakeFiles/razzismo.dir/home/yogn/pico/pico-sdk/src/rp2_common/hardware_clocks/clocks.c.obj
                0x00000000100018d4                clocks_init
 .text.clock_get_hz
                0x0000000010001ba4        0xc CMakeFiles/razzismo.dir/home/yogn/pico/pico-sdk/src/rp2_common/hardware_clocks/clocks.c.obj
                0x0000000010001ba4                clock_get_hz
 .text.pll_init
                0x0000000010001bb0       0xa0 CMakeFiles/razzismo.dir/home/yogn/pico/pico-sdk/src/rp2_common/hardware_pll/pll.c.obj
                0x0000000010001bb0                pll_init
 .text.watchdog_start_tick
                0x0000000010001c50       0x10 CMakeFiles/razzismo.dir/home/yogn/pico/pico-sdk/src/rp2_common/hardware_watchdog/watchdog.c.obj
                0x0000000010001c50                watchdog_start_tick
 .text.watchdog_reboot
                0x0000000010001c60       0x98 CMakeFiles/razzismo.dir/home/yogn/pico/pico-sdk/src/rp2_common/hardware_watchdog/watchdog.c.obj
                0x0000000010001c60                watchdog_reboot
 .text.xosc_init
                0x0000000010001cf8       0x28 CMakeFiles/razzismo.dir/home/yogn/pico/pico-sdk/src/rp2_common/hardware_xosc/xosc.c.obj
                0x0000000010001cf8                xosc_init
 .text.runtime_init
                0x0000000010001d20       0xf0 CMakeFiles/razzismo.dir/home/yogn/pico/pico-sdk/src/rp2_common/pico_runtime/runtime.c.obj
                0x0000000010001d20                runtime_init
 .text._exit    0x0000000010001e10        0x4 CMakeFiles/razzismo.dir/home/yogn/pico/pico-sdk/src/rp2_common/pico_runtime/runtime.c.obj
                0x0000000010001e10                _exit
 .text.exit     0x0000000010001e14        0x8 CMakeFiles/razzismo.dir/home/yogn/pico/pico-sdk/src/rp2_common/pico_runtime/runtime.c.obj
                0x0000000010001e14                exit
 .text.panic    0x0000000010001e1c       0x30 CMakeFiles/razzismo.dir/home/yogn/pico/pico-sdk/src/rp2_common/pico_runtime/runtime.c.obj
                0x0000000010001e1c                panic
 .text.hard_assertion_failure
                0x0000000010001e4c        0xc CMakeFiles/razzismo.dir/home/yogn/pico/pico-sdk/src/rp2_common/pico_runtime/runtime.c.obj
                0x0000000010001e4c                hard_assertion_failure
 .text._out_null
                0x0000000010001e58        0x4 CMakeFiles/razzismo.dir/home/yogn/pico/pico-sdk/src/rp2_common/pico_printf/printf.c.obj
 .text._out_rev
                0x0000000010001e5c       0x9c CMakeFiles/razzismo.dir/home/yogn/pico/pico-sdk/src/rp2_common/pico_printf/printf.c.obj
 .text._ntoa_format
                0x0000000010001ef8      0x1cc CMakeFiles/razzismo.dir/home/yogn/pico/pico-sdk/src/rp2_common/pico_printf/printf.c.obj
 .text._out_char
                0x00000000100020c4       0x10 CMakeFiles/razzismo.dir/home/yogn/pico/pico-sdk/src/rp2_common/pico_printf/printf.c.obj
 .text._out_fct
                0x00000000100020d4       0x10 CMakeFiles/razzismo.dir/home/yogn/pico/pico-sdk/src/rp2_common/pico_printf/printf.c.obj
 .text._etoa    0x00000000100020e4      0x44c CMakeFiles/razzismo.dir/home/yogn/pico/pico-sdk/src/rp2_common/pico_printf/printf.c.obj
 .text._ftoa    0x0000000010002530      0x398 CMakeFiles/razzismo.dir/home/yogn/pico/pico-sdk/src/rp2_common/pico_printf/printf.c.obj
 .text._vsnprintf
                0x00000000100028c8      0xb04 CMakeFiles/razzismo.dir/home/yogn/pico/pico-sdk/src/rp2_common/pico_printf/printf.c.obj
 .text.vfctprintf
                0x00000000100033cc       0x20 CMakeFiles/razzismo.dir/home/yogn/pico/pico-sdk/src/rp2_common/pico_printf/printf.c.obj
                0x00000000100033cc                vfctprintf
 .text.weak_raw_vprintf
                0x00000000100033ec       0x30 CMakeFiles/razzismo.dir/home/yogn/pico/pico-sdk/src/rp2_common/pico_printf/printf.c.obj
                0x00000000100033ec                weak_raw_vprintf
 .text          0x000000001000341c       0x10 CMakeFiles/razzismo.dir/home/yogn/pico/pico-sdk/src/rp2_common/pico_bit_ops/bit_ops_aeabi.S.obj
 .text.rom_func_lookup
                0x000000001000342c       0x10 CMakeFiles/razzismo.dir/home/yogn/pico/pico-sdk/src/rp2_common/pico_bootrom/bootrom.c.obj
                0x000000001000342c                rom_func_lookup
 .text.rom_data_lookup
                0x000000001000343c       0x10 CMakeFiles/razzismo.dir/home/yogn/pico/pico-sdk/src/rp2_common/pico_bootrom/bootrom.c.obj
                0x000000001000343c                rom_data_lookup
 .text.rom_funcs_lookup
                0x000000001000344c       0x44 CMakeFiles/razzismo.dir/home/yogn/pico/pico-sdk/src/rp2_common/pico_bootrom/bootrom.c.obj
                0x000000001000344c                rom_funcs_lookup
 .text.__wrap___aeabi_idiv
                0x0000000010003490       0x50 CMakeFiles/razzismo.dir/home/yogn/pico/pico-sdk/src/rp2_common/pico_divider/divider.S.obj
                0x0000000010003490                __wrap___aeabi_idivmod
                0x0000000010003490                divmod_s32s32
                0x0000000010003490                div_s32s32
                0x0000000010003490                __wrap___aeabi_idiv
                0x0000000010003498                divmod_s32s32_unsafe
                0x00000000100034c4                divmod_s32s32_savestate
 .text.__wrap___aeabi_uidiv
                0x00000000100034e0       0x4c CMakeFiles/razzismo.dir/home/yogn/pico/pico-sdk/src/rp2_common/pico_divider/divider.S.obj
                0x00000000100034e0                __wrap___aeabi_uidiv
                0x00000000100034e0                __wrap___aeabi_uidivmod
                0x00000000100034e0                div_u32u32
                0x00000000100034e0                divmod_u32u32
                0x00000000100034e8                divmod_u32u32_unsafe
                0x0000000010003510                divmod_u32u32_savestate
 .text.__wrap___aeabi_ldiv
                0x000000001000352c      0x424 CMakeFiles/razzismo.dir/home/yogn/pico/pico-sdk/src/rp2_common/pico_divider/divider.S.obj
                0x000000001000352c                div_s64s64
                0x000000001000352c                divmod_s64s64
                0x000000001000352c                __wrap___aeabi_ldivmod
                0x000000001000355c                div_u64u64
                0x000000001000355c                divmod_u64u64
                0x000000001000355c                __wrap___aeabi_uldivmod
                0x000000001000356c                divmod_u64u64_savestate
                0x000000001000358c                divmod_s64s64_unsafe
                0x0000000010003614                divmod_u64u64_unsafe
 .text.__wrap___aeabi_darithmetic
                0x0000000010003950       0x60 CMakeFiles/razzismo.dir/home/yogn/pico/pico-sdk/src/rp2_common/pico_double/double_aeabi.S.obj
                0x0000000010003950                __wrap___aeabi_drsub
                0x0000000010003956                __wrap___aeabi_dsub
                0x0000000010003960                __wrap___aeabi_dadd
                0x000000001000396a                __wrap___aeabi_ddiv
                0x000000001000399e                __wrap___aeabi_dmul
 .text.__wrap___aeabi_cdcmple
                0x00000000100039b0       0x6c CMakeFiles/razzismo.dir/home/yogn/pico/pico-sdk/src/rp2_common/pico_double/double_aeabi.S.obj
                0x00000000100039b0                __wrap___aeabi_cdrcmple
                0x00000000100039c0                __wrap___aeabi_cdcmple
                0x00000000100039c0                __wrap___aeabi_cdcmpeq
 .text.__wrap___aeabi_dcmplt
                0x0000000010003a1c        0xc CMakeFiles/razzismo.dir/home/yogn/pico/pico-sdk/src/rp2_common/pico_double/double_aeabi.S.obj
                0x0000000010003a1c                __wrap___aeabi_dcmplt
 .text.__wrap___aeabi_dcmple
                0x0000000010003a28       0x10 CMakeFiles/razzismo.dir/home/yogn/pico/pico-sdk/src/rp2_common/pico_double/double_aeabi.S.obj
                0x0000000010003a28                __wrap___aeabi_dcmple
 .text.__wrap___aeabi_dcmpge
                0x0000000010003a38       0x10 CMakeFiles/razzismo.dir/home/yogn/pico/pico-sdk/src/rp2_common/pico_double/double_aeabi.S.obj
                0x0000000010003a38                __wrap___aeabi_dcmpge
 .text.__wrap___aeabi_dcmpgt
                0x0000000010003a48        0xa CMakeFiles/razzismo.dir/home/yogn/pico/pico-sdk/src/rp2_common/pico_double/double_aeabi.S.obj
                0x0000000010003a48                __wrap___aeabi_dcmpgt
 .text.__wrap___aeabi_dcmpun
                0x0000000010003a52       0x1c CMakeFiles/razzismo.dir/home/yogn/pico/pico-sdk/src/rp2_common/pico_double/double_aeabi.S.obj
                0x0000000010003a52                __wrap___aeabi_dcmpun
 *fill*         0x0000000010003a6e        0x2 
 .text.__wrap___aeabi_i2d
                0x0000000010003a70       0x38 CMakeFiles/razzismo.dir/home/yogn/pico/pico-sdk/src/rp2_common/pico_double/double_aeabi.S.obj
                0x0000000010003a70                __wrap___aeabi_ui2d
                0x0000000010003a78                __wrap___aeabi_i2d
 .text.__wrap___aeabi_d2iz
                0x0000000010003aa8       0x48 CMakeFiles/razzismo.dir/home/yogn/pico/pico-sdk/src/rp2_common/pico_double/double_aeabi.S.obj
                0x0000000010003aa8                __wrap___aeabi_d2iz
                0x0000000010003aa8                double2int_z
 .text.__wrap___aeabi_d2uiz
                0x0000000010003af0       0x10 CMakeFiles/razzismo.dir/home/yogn/pico/pico-sdk/src/rp2_common/pico_double/double_aeabi.S.obj
                0x0000000010003af0                double2uint
                0x0000000010003af0                __wrap___aeabi_d2uiz
 .text.missing_double_func_shim
                0x0000000010003b00        0xc CMakeFiles/razzismo.dir/home/yogn/pico/pico-sdk/src/rp2_common/pico_double/double_init_rom.c.obj
 .text.__aeabi_double_init
                0x0000000010003b0c       0x98 CMakeFiles/razzismo.dir/home/yogn/pico/pico-sdk/src/rp2_common/pico_double/double_init_rom.c.obj
                0x0000000010003b0c                __aeabi_double_init
 .text.double_table_shim_on_use_helper
                0x0000000010003ba4       0x2c CMakeFiles/razzismo.dir/home/yogn/pico/pico-sdk/src/rp2_common/pico_double/double_v1_rom_shim.S.obj
                0x0000000010003ba4                double_table_shim_on_use_helper
 .text.__aeabi_lmul
                0x0000000010003bd0       0x32 CMakeFiles/razzismo.dir/home/yogn/pico/pico-sdk/src/rp2_common/pico_int64_ops/pico_int64_ops_aeabi.S.obj
                0x0000000010003bd0                __wrap___aeabi_lmul
 *fill*         0x0000000010003c02        0x2 
 .text.__wrap___aeabi_farithmetic
                0x0000000010003c04       0x48 CMakeFiles/razzismo.dir/home/yogn/pico/pico-sdk/src/rp2_common/pico_float/float_aeabi.S.obj
                0x0000000010003c04                __wrap___aeabi_frsub
                0x0000000010003c0a                __wrap___aeabi_fsub
                0x0000000010003c10                __wrap___aeabi_fadd
                0x0000000010003c16                __wrap___aeabi_fdiv
                0x0000000010003c3e                __wrap___aeabi_fmul
 .text.__wrap___aeabi_i2f
                0x0000000010003c4c       0x44 CMakeFiles/razzismo.dir/home/yogn/pico/pico-sdk/src/rp2_common/pico_float/float_aeabi.S.obj
                0x0000000010003c4c                __wrap___aeabi_i2f
 .text.__wrap___aeabi_f2d
                0x0000000010003c90        0xc CMakeFiles/razzismo.dir/home/yogn/pico/pico-sdk/src/rp2_common/pico_float/float_aeabi.S.obj
                0x0000000010003c90                __wrap___aeabi_f2d
 .text.missing_float_func_shim
                0x0000000010003c9c        0xc CMakeFiles/razzismo.dir/home/yogn/pico/pico-sdk/src/rp2_common/pico_float/float_init_rom.c.obj
 .text.__aeabi_float_init
                0x0000000010003ca8       0x5c CMakeFiles/razzismo.dir/home/yogn/pico/pico-sdk/src/rp2_common/pico_float/float_init_rom.c.obj
                0x0000000010003ca8                __aeabi_float_init
 .text          0x0000000010003d04       0x10 CMakeFiles/razzismo.dir/home/yogn/pico/pico-sdk/src/rp2_common/pico_mem_ops/mem_ops_aeabi.S.obj
                0x0000000010003d04                __aeabi_mem_init
 .text.memset   0x0000000010003d14        0xc CMakeFiles/razzismo.dir/home/yogn/pico/pico-sdk/src/rp2_common/pico_mem_ops/mem_ops_aeabi.S.obj
                0x0000000010003d14                __wrap_memset
 .text.memcpy   0x0000000010003d20        0xc CMakeFiles/razzismo.dir/home/yogn/pico/pico-sdk/src/rp2_common/pico_mem_ops/mem_ops_aeabi.S.obj
                0x0000000010003d20                __wrap___aeabi_memcpy
                0x0000000010003d20                __wrap_memcpy
 .text.stdio_out_chars_no_crlf
                0x0000000010003d2c       0x10 CMakeFiles/razzismo.dir/home/yogn/pico/pico-sdk/src/rp2_common/pico_stdio/stdio.c.obj
 .text.stdio_out_chars_crlf
                0x0000000010003d3c       0xb4 CMakeFiles/razzismo.dir/home/yogn/pico/pico-sdk/src/rp2_common/pico_stdio/stdio.c.obj
 .text.stdio_buffered_printer
                0x0000000010003df0       0x64 CMakeFiles/razzismo.dir/home/yogn/pico/pico-sdk/src/rp2_common/pico_stdio/stdio.c.obj
 .text.stdio_put_string.isra.0
                0x0000000010003e54       0xfc CMakeFiles/razzismo.dir/home/yogn/pico/pico-sdk/src/rp2_common/pico_stdio/stdio.c.obj
 .text.__wrap_putchar
                0x0000000010003f50       0x98 CMakeFiles/razzismo.dir/home/yogn/pico/pico-sdk/src/rp2_common/pico_stdio/stdio.c.obj
                0x0000000010003f50                __wrap_putchar
 .text.__wrap_puts
                0x0000000010003fe8       0x3c CMakeFiles/razzismo.dir/home/yogn/pico/pico-sdk/src/rp2_common/pico_stdio/stdio.c.obj
                0x0000000010003fe8                __wrap_puts
 .text.stdio_set_driver_enabled
                0x0000000010004024       0x30 CMakeFiles/razzismo.dir/home/yogn/pico/pico-sdk/src/rp2_common/pico_stdio/stdio.c.obj
                0x0000000010004024                stdio_set_driver_enabled
 .text.__wrap_vprintf
                0x0000000010004054       0xd8 CMakeFiles/razzismo.dir/home/yogn/pico/pico-sdk/src/rp2_common/pico_stdio/stdio.c.obj
                0x0000000010004054                __wrap_vprintf
 .text.__wrap_printf
                0x000000001000412c       0x18 CMakeFiles/razzismo.dir/home/yogn/pico/pico-sdk/src/rp2_common/pico_stdio/stdio.c.obj
                0x000000001000412c                __wrap_printf
 .text.stdio_init_all
                0x0000000010004144        0x8 CMakeFiles/razzismo.dir/home/yogn/pico/pico-sdk/src/rp2_common/pico_stdio/stdio.c.obj
                0x0000000010004144                stdio_init_all
 .text.resetd_init
                0x000000001000414c        0x4 CMakeFiles/razzismo.dir/home/yogn/pico/pico-sdk/src/rp2_common/pico_stdio_usb/reset_interface.c.obj
 .text.resetd_reset
                0x0000000010004150        0xc CMakeFiles/razzismo.dir/home/yogn/pico/pico-sdk/src/rp2_common/pico_stdio_usb/reset_interface.c.obj
 .text.resetd_open
                0x000000001000415c       0x28 CMakeFiles/razzismo.dir/home/yogn/pico/pico-sdk/src/rp2_common/pico_stdio_usb/reset_interface.c.obj
 .text.resetd_xfer_cb
                0x0000000010004184        0x4 CMakeFiles/razzismo.dir/home/yogn/pico/pico-sdk/src/rp2_common/pico_stdio_usb/reset_interface.c.obj
 .text.resetd_control_xfer_cb
                0x0000000010004188       0x64 CMakeFiles/razzismo.dir/home/yogn/pico/pico-sdk/src/rp2_common/pico_stdio_usb/reset_interface.c.obj
 .text.usbd_app_driver_get_cb
                0x00000000100041ec        0xc CMakeFiles/razzismo.dir/home/yogn/pico/pico-sdk/src/rp2_common/pico_stdio_usb/reset_interface.c.obj
                0x00000000100041ec                usbd_app_driver_get_cb
 .text.tud_cdc_line_coding_cb
                0x00000000100041f8       0x34 CMakeFiles/razzismo.dir/home/yogn/pico/pico-sdk/src/rp2_common/pico_stdio_usb/reset_interface.c.obj
                0x00000000100041f8                tud_cdc_line_coding_cb
 .text.stdio_usb_set_chars_available_callback
                0x000000001000422c       0x14 CMakeFiles/razzismo.dir/home/yogn/pico/pico-sdk/src/rp2_common/pico_stdio_usb/stdio_usb.c.obj
                0x000000001000422c                stdio_usb_set_chars_available_callback
 .text.usb_irq  0x0000000010004240       0x10 CMakeFiles/razzismo.dir/home/yogn/pico/pico-sdk/src/rp2_common/pico_stdio_usb/stdio_usb.c.obj
 .text.timer_task
                0x0000000010004250       0x54 CMakeFiles/razzismo.dir/home/yogn/pico/pico-sdk/src/rp2_common/pico_stdio_usb/stdio_usb.c.obj
 .text.stdio_usb_in_chars
                0x00000000100042a4       0x90 CMakeFiles/razzismo.dir/home/yogn/pico/pico-sdk/src/rp2_common/pico_stdio_usb/stdio_usb.c.obj
                0x00000000100042a4                stdio_usb_in_chars
 .text.stdio_usb_out_chars
                0x0000000010004334      0x100 CMakeFiles/razzismo.dir/home/yogn/pico/pico-sdk/src/rp2_common/pico_stdio_usb/stdio_usb.c.obj
 .text.low_priority_worker_irq
                0x0000000010004434       0xa8 CMakeFiles/razzismo.dir/home/yogn/pico/pico-sdk/src/rp2_common/pico_stdio_usb/stdio_usb.c.obj
 .text.tud_cdc_rx_cb
                0x00000000100044dc       0x20 CMakeFiles/razzismo.dir/home/yogn/pico/pico-sdk/src/rp2_common/pico_stdio_usb/stdio_usb.c.obj
                0x00000000100044dc                tud_cdc_rx_cb
 .text.stdio_usb_init
                0x00000000100044fc       0xdc CMakeFiles/razzismo.dir/home/yogn/pico/pico-sdk/src/rp2_common/pico_stdio_usb/stdio_usb.c.obj
                0x00000000100044fc                stdio_usb_init
 .text.tud_descriptor_device_cb
                0x00000000100045d8        0x8 CMakeFiles/razzismo.dir/home/yogn/pico/pico-sdk/src/rp2_common/pico_stdio_usb/stdio_usb_descriptors.c.obj
                0x00000000100045d8                tud_descriptor_device_cb
 .text.tud_descriptor_configuration_cb
                0x00000000100045e0        0x8 CMakeFiles/razzismo.dir/home/yogn/pico/pico-sdk/src/rp2_common/pico_stdio_usb/stdio_usb_descriptors.c.obj
                0x00000000100045e0                tud_descriptor_configuration_cb
 .text.tud_descriptor_string_cb
                0x00000000100045e8       0x74 CMakeFiles/razzismo.dir/home/yogn/pico/pico-sdk/src/rp2_common/pico_stdio_usb/stdio_usb_descriptors.c.obj
                0x00000000100045e8                tud_descriptor_string_cb
 .text.startup._retrieve_unique_id_on_boot
                0x000000001000465c       0x10 CMakeFiles/razzismo.dir/home/yogn/pico/pico-sdk/src/rp2_common/pico_unique_id/unique_id.c.obj
 .text.pico_get_unique_board_id_string
                0x000000001000466c      0x1a8 CMakeFiles/razzismo.dir/home/yogn/pico/pico-sdk/src/rp2_common/pico_unique_id/unique_id.c.obj
                0x000000001000466c                pico_get_unique_board_id_string
 .text.flash_get_unique_id
                0x0000000010004814       0x40 CMakeFiles/razzismo.dir/home/yogn/pico/pico-sdk/src/rp2_common/hardware_flash/flash.c.obj
                0x0000000010004814                flash_get_unique_id
 .text.dcd_int_enable
                0x0000000010004854        0xc CMakeFiles/razzismo.dir/home/yogn/pico/pico-sdk/lib/tinyusb/src/portable/raspberrypi/rp2040/dcd_rp2040.c.obj
                0x0000000010004854                dcd_int_enable
 .text.dcd_set_address
                0x0000000010004860       0x14 CMakeFiles/razzismo.dir/home/yogn/pico/pico-sdk/lib/tinyusb/src/portable/raspberrypi/rp2040/dcd_rp2040.c.obj
                0x0000000010004860                dcd_set_address
 .text.dcd_connect
                0x0000000010004874       0x10 CMakeFiles/razzismo.dir/home/yogn/pico/pico-sdk/lib/tinyusb/src/portable/raspberrypi/rp2040/dcd_rp2040.c.obj
                0x0000000010004874                dcd_connect
 .text.dcd_init
                0x0000000010004884       0x98 CMakeFiles/razzismo.dir/home/yogn/pico/pico-sdk/lib/tinyusb/src/portable/raspberrypi/rp2040/dcd_rp2040.c.obj
                0x0000000010004884                dcd_init
 .text.dcd_edpt0_status_complete
                0x000000001000491c       0x1c CMakeFiles/razzismo.dir/home/yogn/pico/pico-sdk/lib/tinyusb/src/portable/raspberrypi/rp2040/dcd_rp2040.c.obj
                0x000000001000491c                dcd_edpt0_status_complete
 .text.dcd_edpt_open
                0x0000000010004938      0x108 CMakeFiles/razzismo.dir/home/yogn/pico/pico-sdk/lib/tinyusb/src/portable/raspberrypi/rp2040/dcd_rp2040.c.obj
                0x0000000010004938                dcd_edpt_open
 .text.dcd_edpt_close_all
                0x0000000010004a40        0x8 CMakeFiles/razzismo.dir/home/yogn/pico/pico-sdk/lib/tinyusb/src/portable/raspberrypi/rp2040/dcd_rp2040.c.obj
                0x0000000010004a40                dcd_edpt_close_all
 .text.dcd_edpt_xfer
                0x0000000010004a48       0x24 CMakeFiles/razzismo.dir/home/yogn/pico/pico-sdk/lib/tinyusb/src/portable/raspberrypi/rp2040/dcd_rp2040.c.obj
                0x0000000010004a48                dcd_edpt_xfer
 .text.dcd_edpt_stall
                0x0000000010004a6c       0x38 CMakeFiles/razzismo.dir/home/yogn/pico/pico-sdk/lib/tinyusb/src/portable/raspberrypi/rp2040/dcd_rp2040.c.obj
                0x0000000010004a6c                dcd_edpt_stall
 .text.dcd_edpt_clear_stall
                0x0000000010004aa4       0x30 CMakeFiles/razzismo.dir/home/yogn/pico/pico-sdk/lib/tinyusb/src/portable/raspberrypi/rp2040/dcd_rp2040.c.obj
                0x0000000010004aa4                dcd_edpt_clear_stall
 .text.rp2040_usb_init
                0x0000000010004ad4       0x4c CMakeFiles/razzismo.dir/home/yogn/pico/pico-sdk/lib/tinyusb/src/portable/raspberrypi/rp2040/rp2040_usb.c.obj
                0x0000000010004ad4                rp2040_usb_init
 .text.hw_endpoint_xfer_start
                0x0000000010004b20       0x50 CMakeFiles/razzismo.dir/home/yogn/pico/pico-sdk/lib/tinyusb/src/portable/raspberrypi/rp2040/rp2040_usb.c.obj
                0x0000000010004b20                hw_endpoint_xfer_start
 .text.tud_mounted
                0x0000000010004b70       0x10 CMakeFiles/razzismo.dir/home/yogn/pico/pico-sdk/lib/tinyusb/src/device/usbd.c.obj
                0x0000000010004b70                tud_mounted
 .text.tud_suspended
                0x0000000010004b80       0x10 CMakeFiles/razzismo.dir/home/yogn/pico/pico-sdk/lib/tinyusb/src/device/usbd.c.obj
                0x0000000010004b80                tud_suspended
 .text.tud_inited
                0x0000000010004b90       0x14 CMakeFiles/razzismo.dir/home/yogn/pico/pico-sdk/lib/tinyusb/src/device/usbd.c.obj
                0x0000000010004b90                tud_inited
 .text.tud_init
                0x0000000010004ba4       0xe4 CMakeFiles/razzismo.dir/home/yogn/pico/pico-sdk/lib/tinyusb/src/device/usbd.c.obj
                0x0000000010004ba4                tud_init
 .text.tud_task_ext
                0x0000000010004c88      0x854 CMakeFiles/razzismo.dir/home/yogn/pico/pico-sdk/lib/tinyusb/src/device/usbd.c.obj
                0x0000000010004c88                tud_task_ext
 .text.usbd_open_edpt_pair
                0x00000000100054dc       0x9c CMakeFiles/razzismo.dir/home/yogn/pico/pico-sdk/lib/tinyusb/src/device/usbd.c.obj
                0x00000000100054dc                usbd_open_edpt_pair
 .text.usbd_defer_func
                0x0000000010005578       0x48 CMakeFiles/razzismo.dir/home/yogn/pico/pico-sdk/lib/tinyusb/src/device/usbd.c.obj
                0x0000000010005578                usbd_defer_func
 .text.usbd_edpt_open
                0x00000000100055c0       0x34 CMakeFiles/razzismo.dir/home/yogn/pico/pico-sdk/lib/tinyusb/src/device/usbd.c.obj
                0x00000000100055c0                usbd_edpt_open
 .text.usbd_edpt_claim
                0x00000000100055f4       0x28 CMakeFiles/razzismo.dir/home/yogn/pico/pico-sdk/lib/tinyusb/src/device/usbd.c.obj
                0x00000000100055f4                usbd_edpt_claim
 .text.usbd_edpt_release
                0x000000001000561c       0x28 CMakeFiles/razzismo.dir/home/yogn/pico/pico-sdk/lib/tinyusb/src/device/usbd.c.obj
                0x000000001000561c                usbd_edpt_release
 .text.usbd_edpt_xfer
                0x0000000010005644       0x4c CMakeFiles/razzismo.dir/home/yogn/pico/pico-sdk/lib/tinyusb/src/device/usbd.c.obj
                0x0000000010005644                usbd_edpt_xfer
 .text.tud_control_status
                0x0000000010005690       0x30 CMakeFiles/razzismo.dir/home/yogn/pico/pico-sdk/lib/tinyusb/src/device/usbd_control.c.obj
                0x0000000010005690                tud_control_status
 .text.tud_control_xfer
                0x00000000100056c0       0xbc CMakeFiles/razzismo.dir/home/yogn/pico/pico-sdk/lib/tinyusb/src/device/usbd_control.c.obj
                0x00000000100056c0                tud_control_xfer
 .text.usbd_control_reset
                0x000000001000577c       0x14 CMakeFiles/razzismo.dir/home/yogn/pico/pico-sdk/lib/tinyusb/src/device/usbd_control.c.obj
                0x000000001000577c                usbd_control_reset
 .text.usbd_control_set_complete_callback
                0x0000000010005790        0xc CMakeFiles/razzismo.dir/home/yogn/pico/pico-sdk/lib/tinyusb/src/device/usbd_control.c.obj
                0x0000000010005790                usbd_control_set_complete_callback
 .text.usbd_control_set_request
                0x000000001000579c       0x1c CMakeFiles/razzismo.dir/home/yogn/pico/pico-sdk/lib/tinyusb/src/device/usbd_control.c.obj
                0x000000001000579c                usbd_control_set_request
 .text.usbd_control_xfer_cb
                0x00000000100057b8       0xfc CMakeFiles/razzismo.dir/home/yogn/pico/pico-sdk/lib/tinyusb/src/device/usbd_control.c.obj
                0x00000000100057b8                usbd_control_xfer_cb
 .text.tud_cdc_n_connected
                0x00000000100058b4       0x30 CMakeFiles/razzismo.dir/home/yogn/pico/pico-sdk/lib/tinyusb/src/class/cdc/cdc_device.c.obj
                0x00000000100058b4                tud_cdc_n_connected
 .text.tud_cdc_n_available
                0x00000000100058e4       0x18 CMakeFiles/razzismo.dir/home/yogn/pico/pico-sdk/lib/tinyusb/src/class/cdc/cdc_device.c.obj
                0x00000000100058e4                tud_cdc_n_available
 .text.tud_cdc_n_read
                0x00000000100058fc       0x70 CMakeFiles/razzismo.dir/home/yogn/pico/pico-sdk/lib/tinyusb/src/class/cdc/cdc_device.c.obj
                0x00000000100058fc                tud_cdc_n_read
 .text.tud_cdc_n_write_flush
                0x000000001000596c       0x78 CMakeFiles/razzismo.dir/home/yogn/pico/pico-sdk/lib/tinyusb/src/class/cdc/cdc_device.c.obj
                0x000000001000596c                tud_cdc_n_write_flush
 .text.tud_cdc_n_write
                0x00000000100059e4       0x34 CMakeFiles/razzismo.dir/home/yogn/pico/pico-sdk/lib/tinyusb/src/class/cdc/cdc_device.c.obj
                0x00000000100059e4                tud_cdc_n_write
 .text.tud_cdc_n_write_available
                0x0000000010005a18       0x18 CMakeFiles/razzismo.dir/home/yogn/pico/pico-sdk/lib/tinyusb/src/class/cdc/cdc_device.c.obj
                0x0000000010005a18                tud_cdc_n_write_available
 .text.cdcd_init
                0x0000000010005a30       0x7c CMakeFiles/razzismo.dir/home/yogn/pico/pico-sdk/lib/tinyusb/src/class/cdc/cdc_device.c.obj
                0x0000000010005a30                cdcd_init
 .text.cdcd_reset
                0x0000000010005aac       0x2c CMakeFiles/razzismo.dir/home/yogn/pico/pico-sdk/lib/tinyusb/src/class/cdc/cdc_device.c.obj
                0x0000000010005aac                cdcd_reset
 .text.cdcd_open
                0x0000000010005ad8       0xe8 CMakeFiles/razzismo.dir/home/yogn/pico/pico-sdk/lib/tinyusb/src/class/cdc/cdc_device.c.obj
                0x0000000010005ad8                cdcd_open
 .text.cdcd_control_xfer_cb
                0x0000000010005bc0       0xe4 CMakeFiles/razzismo.dir/home/yogn/pico/pico-sdk/lib/tinyusb/src/class/cdc/cdc_device.c.obj
                0x0000000010005bc0                cdcd_control_xfer_cb
 .text.cdcd_xfer_cb
                0x0000000010005ca4      0x148 CMakeFiles/razzismo.dir/home/yogn/pico/pico-sdk/lib/tinyusb/src/class/cdc/cdc_device.c.obj
                0x0000000010005ca4                cdcd_xfer_cb
 .text.tusb_init
                0x0000000010005dec        0xc CMakeFiles/razzismo.dir/home/yogn/pico/pico-sdk/lib/tinyusb/src/tusb.c.obj
                0x0000000010005dec                tusb_init
 .text.tusb_inited
                0x0000000010005df8        0x8 CMakeFiles/razzismo.dir/home/yogn/pico/pico-sdk/lib/tinyusb/src/tusb.c.obj
                0x0000000010005df8                tusb_inited
 .text.tu_edpt_claim
                0x0000000010005e00       0x50 CMakeFiles/razzismo.dir/home/yogn/pico/pico-sdk/lib/tinyusb/src/tusb.c.obj
                0x0000000010005e00                tu_edpt_claim
 .text.tu_edpt_release
                0x0000000010005e50       0x38 CMakeFiles/razzismo.dir/home/yogn/pico/pico-sdk/lib/tinyusb/src/tusb.c.obj
                0x0000000010005e50                tu_edpt_release
 .text.tu_edpt_validate
                0x0000000010005e88       0x78 CMakeFiles/razzismo.dir/home/yogn/pico/pico-sdk/lib/tinyusb/src/tusb.c.obj
                0x0000000010005e88                tu_edpt_validate
 .text.tu_edpt_bind_driver
                0x0000000010005f00       0x34 CMakeFiles/razzismo.dir/home/yogn/pico/pico-sdk/lib/tinyusb/src/tusb.c.obj
                0x0000000010005f00                tu_edpt_bind_driver
 .text.tu_fifo_config
                0x0000000010005f34       0x70 CMakeFiles/razzismo.dir/home/yogn/pico/pico-sdk/lib/tinyusb/src/common/tusb_fifo.c.obj
                0x0000000010005f34                tu_fifo_config
 .text.tu_fifo_count
                0x0000000010005fa4       0x2c CMakeFiles/razzismo.dir/home/yogn/pico/pico-sdk/lib/tinyusb/src/common/tusb_fifo.c.obj
                0x0000000010005fa4                tu_fifo_count
 .text.tu_fifo_empty
                0x0000000010005fd0       0x10 CMakeFiles/razzismo.dir/home/yogn/pico/pico-sdk/lib/tinyusb/src/common/tusb_fifo.c.obj
                0x0000000010005fd0                tu_fifo_empty
 .text.tu_fifo_remaining
                0x0000000010005fe0       0x2c CMakeFiles/razzismo.dir/home/yogn/pico/pico-sdk/lib/tinyusb/src/common/tusb_fifo.c.obj
                0x0000000010005fe0                tu_fifo_remaining
 .text.tu_fifo_read
                0x000000001000600c       0xa0 CMakeFiles/razzismo.dir/home/yogn/pico/pico-sdk/lib/tinyusb/src/common/tusb_fifo.c.obj
                0x000000001000600c                tu_fifo_read
 .text.tu_fifo_read_n
                0x00000000100060ac       0xec CMakeFiles/razzismo.dir/home/yogn/pico/pico-sdk/lib/tinyusb/src/common/tusb_fifo.c.obj
                0x00000000100060ac                tu_fifo_read_n
 .text.tu_fifo_write
                0x0000000010006198       0x88 CMakeFiles/razzismo.dir/home/yogn/pico/pico-sdk/lib/tinyusb/src/common/tusb_fifo.c.obj
                0x0000000010006198                tu_fifo_write
 .text.tu_fifo_write_n
                0x0000000010006220      0x168 CMakeFiles/razzismo.dir/home/yogn/pico/pico-sdk/lib/tinyusb/src/common/tusb_fifo.c.obj
                0x0000000010006220                tu_fifo_write_n
 .text.tu_fifo_clear
                0x0000000010006388       0x40 CMakeFiles/razzismo.dir/home/yogn/pico/pico-sdk/lib/tinyusb/src/common/tusb_fifo.c.obj
                0x0000000010006388                tu_fifo_clear
 .text.tu_fifo_set_overwritable
                0x00000000100063c8       0x48 CMakeFiles/razzismo.dir/home/yogn/pico/pico-sdk/lib/tinyusb/src/common/tusb_fifo.c.obj
                0x00000000100063c8                tu_fifo_set_overwritable
 .text.i2c_set_baudrate
                0x0000000010006410       0xc4 CMakeFiles/razzismo.dir/home/yogn/pico/pico-sdk/src/rp2_common/hardware_i2c/i2c.c.obj
                0x0000000010006410                i2c_set_baudrate
 .text.i2c_init
                0x00000000100064d4       0x54 CMakeFiles/razzismo.dir/home/yogn/pico/pico-sdk/src/rp2_common/hardware_i2c/i2c.c.obj
                0x00000000100064d4                i2c_init
 .text.i2c_write_blocking
                0x0000000010006528       0xd0 CMakeFiles/razzismo.dir/home/yogn/pico/pico-sdk/src/rp2_common/hardware_i2c/i2c.c.obj
                0x0000000010006528                i2c_write_blocking
 .text.i2c_read_blocking
                0x00000000100065f8       0xac CMakeFiles/razzismo.dir/home/yogn/pico/pico-sdk/src/rp2_common/hardware_i2c/i2c.c.obj
                0x00000000100065f8                i2c_read_blocking
 .text._ZN7MPU6050C2EP8i2c_inst
                0x00000000100066a4       0x14 Sensor_lib/libsensors.a(sensors.cpp.obj)
                0x00000000100066a4                MPU6050::MPU6050(i2c_inst*)
                0x00000000100066a4                MPU6050::MPU6050(i2c_inst*)
 .text._ZN7MPU60506configEv
                0x00000000100066b8      0x26c Sensor_lib/libsensors.a(sensors.cpp.obj)
                0x00000000100066b8                MPU6050::config()
 .text._ZN7MPU60506updateEv
                0x0000000010006924      0x118 Sensor_lib/libsensors.a(sensors.cpp.obj)
                0x0000000010006924                MPU6050::update()
 .text._ZN7MPU60509calibrateEv
                0x0000000010006a3c       0xfc Sensor_lib/libsensors.a(sensors.cpp.obj)
                0x0000000010006a3c                MPU6050::calibrate()
 .text.strlen   0x0000000010006b38       0x5c /opt/gcc-arm-none-eabi-10-2020-q4-major/bin/../lib/gcc/arm-none-eabi/10.2.1/../../../../arm-none-eabi/lib/thumb/v6-m/nofp/libc.a(lib_a-strlen-stub.o)
                0x0000000010006b38                strlen
 *(.fini)
 .fini          0x0000000010006b94        0x4 /opt/gcc-arm-none-eabi-10-2020-q4-major/bin/../lib/gcc/arm-none-eabi/10.2.1/thumb/v6-m/nofp/crti.o
                0x0000000010006b94                _fini
 .fini.__stub   0x0000000010006b98       0xd0 linker stubs
 *crtbegin.o(.ctors)
 *crtbegin?.o(.ctors)
 *(EXCLUDE_FILE(*crtend.o *crtend?.o) .ctors)
 *(SORT_BY_NAME(.ctors.*))
 *(.ctors)
 *crtbegin.o(.dtors)
 *crtbegin?.o(.dtors)
 *(EXCLUDE_FILE(*crtend.o *crtend?.o) .dtors)
 *(SORT_BY_NAME(.dtors.*))
 *(.dtors)
 *(.eh_frame*)
 .eh_frame      0x0000000010006c68        0x0 /opt/gcc-arm-none-eabi-10-2020-q4-major/bin/../lib/gcc/arm-none-eabi/10.2.1/thumb/v6-m/nofp/crtbegin.o
                0x0000000010006c68                . = ALIGN (0x4)

.glue_7         0x0000000010006c68        0x0
 .glue_7        0x0000000010006c68        0x0 linker stubs

.glue_7t        0x0000000010006c68        0x0
 .glue_7t       0x0000000010006c68        0x0 linker stubs

.vfp11_veneer   0x0000000010006c68        0x0
 .vfp11_veneer  0x0000000010006c68        0x0 linker stubs

.v4_bx          0x0000000010006c68        0x0
 .v4_bx         0x0000000010006c68        0x0 linker stubs

.iplt           0x0000000010006c68        0x0
 .iplt          0x0000000010006c68        0x0 /opt/gcc-arm-none-eabi-10-2020-q4-major/bin/../lib/gcc/arm-none-eabi/10.2.1/thumb/v6-m/nofp/crtbegin.o

.rodata         0x0000000010006c68      0x70c
 *(EXCLUDE_FILE(*libm.a: *libc.a:*lib_a-mem*.o *libgcc.a:) .rodata*)
 .rodata.main.str1.4
                0x0000000010006c68       0xd2 CMakeFiles/razzismo.dir/razzismo.cpp.obj
 *fill*         0x0000000010006d3a        0x2 
 .rodata.spin_lock_claim_unused.str1.4
                0x0000000010006d3c       0x1b CMakeFiles/razzismo.dir/home/yogn/pico/pico-sdk/src/rp2_common/hardware_sync/sync.c.obj
 *fill*         0x0000000010006d57        0x1 
 .rodata.user_irq_claim_unused.str1.4
                0x0000000010006d58       0x1b CMakeFiles/razzismo.dir/home/yogn/pico/pico-sdk/src/rp2_common/hardware_irq/irq.c.obj
 *fill*         0x0000000010006d73        0x1 
 .rodata.hardware_alarm_claim.str1.4
                0x0000000010006d74       0x22 CMakeFiles/razzismo.dir/home/yogn/pico/pico-sdk/src/rp2_common/hardware_timer/timer.c.obj
 *fill*         0x0000000010006d96        0x2 
 .rodata.panic.str1.4
                0x0000000010006d98       0x10 CMakeFiles/razzismo.dir/home/yogn/pico/pico-sdk/src/rp2_common/pico_runtime/runtime.c.obj
                                         0x12 (size before relaxing)
 .rodata.hard_assertion_failure.str1.4
                0x0000000010006da8        0xc CMakeFiles/razzismo.dir/home/yogn/pico/pico-sdk/src/rp2_common/pico_runtime/runtime.c.obj
 .rodata._ftoa.str1.4
                0x0000000010006db4       0x15 CMakeFiles/razzismo.dir/home/yogn/pico/pico-sdk/src/rp2_common/pico_printf/printf.c.obj
 *fill*         0x0000000010006dc9        0x3 
 .rodata._vsnprintf
                0x0000000010006dcc      0x1e0 CMakeFiles/razzismo.dir/home/yogn/pico/pico-sdk/src/rp2_common/pico_printf/printf.c.obj
 *fill*         0x0000000010006fac        0x4 
 .rodata.pow10.0
                0x0000000010006fb0       0x50 CMakeFiles/razzismo.dir/home/yogn/pico/pico-sdk/src/rp2_common/pico_printf/printf.c.obj
 .rodata.missing_double_func_shim.str1.4
                0x0000000010007000       0x18 CMakeFiles/razzismo.dir/home/yogn/pico/pico-sdk/src/rp2_common/pico_double/double_init_rom.c.obj
 .rodata.missing_float_func_shim.str1.4
                0x0000000010007018       0x18 CMakeFiles/razzismo.dir/home/yogn/pico/pico-sdk/src/rp2_common/pico_float/float_init_rom.c.obj
                                          0x1 (size before relaxing)
 .rodata.str1.4
                0x0000000010007018       0x40 CMakeFiles/razzismo.dir/home/yogn/pico/pico-sdk/src/rp2_common/pico_standard_link/binary_info.c.obj
 .rodata.__bi_44
                0x0000000010007058        0xc CMakeFiles/razzismo.dir/home/yogn/pico/pico-sdk/src/rp2_common/pico_standard_link/binary_info.c.obj
 .rodata.__bi_75
                0x0000000010007064        0xc CMakeFiles/razzismo.dir/home/yogn/pico/pico-sdk/src/rp2_common/pico_standard_link/binary_info.c.obj
 .rodata.__bi_81
                0x0000000010007070        0xc CMakeFiles/razzismo.dir/home/yogn/pico/pico-sdk/src/rp2_common/pico_standard_link/binary_info.c.obj
 .rodata.crlf_str.0
                0x000000001000707c        0x2 CMakeFiles/razzismo.dir/home/yogn/pico/pico-sdk/src/rp2_common/pico_stdio/stdio.c.obj
 *fill*         0x000000001000707e        0x2 
 .rodata._resetd_driver
                0x0000000010007080       0x18 CMakeFiles/razzismo.dir/home/yogn/pico/pico-sdk/src/rp2_common/pico_stdio_usb/reset_interface.c.obj
 .rodata.str1.4
                0x0000000010007098       0x13 CMakeFiles/razzismo.dir/home/yogn/pico/pico-sdk/src/rp2_common/pico_stdio_usb/stdio_usb.c.obj
 *fill*         0x00000000100070ab        0x1 
 .rodata.__bi_182.0
                0x00000000100070ac        0xc CMakeFiles/razzismo.dir/home/yogn/pico/pico-sdk/src/rp2_common/pico_stdio_usb/stdio_usb.c.obj
 .rodata.str1.4
                0x00000000100070b8       0x2a CMakeFiles/razzismo.dir/home/yogn/pico/pico-sdk/src/rp2_common/pico_stdio_usb/stdio_usb_descriptors.c.obj
 *fill*         0x00000000100070e2        0x2 
 .rodata.usbd_desc_cfg
                0x00000000100070e4       0x54 CMakeFiles/razzismo.dir/home/yogn/pico/pico-sdk/src/rp2_common/pico_stdio_usb/stdio_usb_descriptors.c.obj
 .rodata.usbd_desc_device
                0x0000000010007138       0x12 CMakeFiles/razzismo.dir/home/yogn/pico/pico-sdk/src/rp2_common/pico_stdio_usb/stdio_usb_descriptors.c.obj
 *fill*         0x000000001000714a        0x2 
 .rodata.usbd_desc_str
                0x000000001000714c       0x18 CMakeFiles/razzismo.dir/home/yogn/pico/pico-sdk/src/rp2_common/pico_stdio_usb/stdio_usb_descriptors.c.obj
 .rodata.str1.4
                0x0000000010007164       0x14 CMakeFiles/razzismo.dir/home/yogn/pico/pico-sdk/lib/tinyusb/src/portable/raspberrypi/rp2040/dcd_rp2040.c.obj
 .rodata.str1.4
                0x0000000010007178       0x53 CMakeFiles/razzismo.dir/home/yogn/pico/pico-sdk/lib/tinyusb/src/portable/raspberrypi/rp2040/rp2040_usb.c.obj
 *fill*         0x00000000100071cb        0x1 
 .rodata.tud_task_ext
                0x00000000100071cc       0x8c CMakeFiles/razzismo.dir/home/yogn/pico/pico-sdk/lib/tinyusb/src/device/usbd.c.obj
 .rodata._usbd_driver
                0x0000000010007258       0x18 CMakeFiles/razzismo.dir/home/yogn/pico/pico-sdk/lib/tinyusb/src/device/usbd.c.obj
 .rodata._ZN7MPU60506configEv.str1.4
                0x0000000010007270       0xd4 Sensor_lib/libsensors.a(sensors.cpp.obj)
 .rodata._ZN7MPU60509calibrateEv.str1.4
                0x0000000010007344       0x2d Sensor_lib/libsensors.a(sensors.cpp.obj)
                0x0000000010007374                . = ALIGN (0x4)
 *fill*         0x0000000010007371        0x3 
 *(SORT_BY_ALIGNMENT(SORT_BY_NAME(.flashdata*)))
                0x0000000010007374                . = ALIGN (0x4)

.ARM.extab
 *(.ARM.extab* .gnu.linkonce.armextab.*)
                0x0000000010007374                __exidx_start = .

.ARM.exidx
 *(.ARM.exidx* .gnu.linkonce.armexidx.*)
                0x0000000010007374                __exidx_end = .
                0x0000000010007374                . = ALIGN (0x4)
                0x0000000010007374                __binary_info_start = .

.binary_info    0x0000000010007374       0x20
 *(.binary_info.keep.*)
 .binary_info.keep.__bi_ptr22
                0x0000000010007374        0x4 CMakeFiles/razzismo.dir/home/yogn/pico/pico-sdk/src/rp2_common/pico_standard_link/binary_info.c.obj
 .binary_info.keep.__bi_ptr30
                0x0000000010007378        0x4 CMakeFiles/razzismo.dir/home/yogn/pico/pico-sdk/src/rp2_common/pico_standard_link/binary_info.c.obj
 .binary_info.keep.__bi_ptr38
                0x000000001000737c        0x4 CMakeFiles/razzismo.dir/home/yogn/pico/pico-sdk/src/rp2_common/pico_standard_link/binary_info.c.obj
 .binary_info.keep.__bi_ptr44
                0x0000000010007380        0x4 CMakeFiles/razzismo.dir/home/yogn/pico/pico-sdk/src/rp2_common/pico_standard_link/binary_info.c.obj
 .binary_info.keep.__bi_ptr50
                0x0000000010007384        0x4 CMakeFiles/razzismo.dir/home/yogn/pico/pico-sdk/src/rp2_common/pico_standard_link/binary_info.c.obj
 .binary_info.keep.__bi_ptr75
                0x0000000010007388        0x4 CMakeFiles/razzismo.dir/home/yogn/pico/pico-sdk/src/rp2_common/pico_standard_link/binary_info.c.obj
 .binary_info.keep.__bi_ptr81
                0x000000001000738c        0x4 CMakeFiles/razzismo.dir/home/yogn/pico/pico-sdk/src/rp2_common/pico_standard_link/binary_info.c.obj
 *(.binary_info.*)
 .binary_info.__bi_ptr182
                0x0000000010007390        0x4 CMakeFiles/razzismo.dir/home/yogn/pico/pico-sdk/src/rp2_common/pico_stdio_usb/stdio_usb.c.obj
                0x0000000010007394                __binary_info_end = .

.rel.dyn        0x0000000010007394        0x0
 .rel.iplt      0x0000000010007394        0x0 /opt/gcc-arm-none-eabi-10-2020-q4-major/bin/../lib/gcc/arm-none-eabi/10.2.1/thumb/v6-m/nofp/crtbegin.o
                0x0000000010007394                . = ALIGN (0x4)

.ram_vector_table
                0x0000000020000000       0xc0
 *(.ram_vector_table)
 .ram_vector_table
                0x0000000020000000       0xc0 CMakeFiles/razzismo.dir/home/yogn/pico/pico-sdk/src/rp2_common/pico_runtime/runtime.c.obj
                0x0000000020000000                ram_vector_table

.data           0x00000000200000c0      0xe58 load address 0x0000000010007394
                0x00000000200000c0                __data_start__ = .
 *(vtable)
 *(.time_critical*)
 .time_critical.mutex_try_enter
                0x00000000200000c0       0x44 CMakeFiles/razzismo.dir/home/yogn/pico/pico-sdk/src/common/pico_sync/mutex.c.obj
                0x00000000200000c0                mutex_try_enter
 .time_critical.mutex_try_enter_block_until
                0x0000000020000104       0x9c CMakeFiles/razzismo.dir/home/yogn/pico/pico-sdk/src/common/pico_sync/mutex.c.obj
                0x0000000020000104                mutex_try_enter_block_until
 .time_critical.mutex_enter_timeout_ms
                0x00000000200001a0       0x90 CMakeFiles/razzismo.dir/home/yogn/pico/pico-sdk/src/common/pico_sync/mutex.c.obj
                0x00000000200001a0                mutex_enter_timeout_ms
 .time_critical.mutex_exit
                0x0000000020000230       0x28 CMakeFiles/razzismo.dir/home/yogn/pico/pico-sdk/src/common/pico_sync/mutex.c.obj
                0x0000000020000230                mutex_exit
 .time_critical.flash_init_boot2_copyout
                0x0000000020000258       0x30 CMakeFiles/razzismo.dir/home/yogn/pico/pico-sdk/src/rp2_common/hardware_flash/flash.c.obj
 .time_critical.flash_enable_xip_via_boot2
                0x0000000020000288       0x10 CMakeFiles/razzismo.dir/home/yogn/pico/pico-sdk/src/rp2_common/hardware_flash/flash.c.obj
 .time_critical.flash_cs_force
                0x0000000020000298       0x38 CMakeFiles/razzismo.dir/home/yogn/pico/pico-sdk/src/rp2_common/hardware_flash/flash.c.obj
 .time_critical.flash_do_cmd
                0x00000000200002d0       0xc4 CMakeFiles/razzismo.dir/home/yogn/pico/pico-sdk/src/rp2_common/hardware_flash/flash.c.obj
                0x00000000200002d0                flash_do_cmd
 .time_critical.reset_non_control_endpoints
                0x0000000020000394       0xbc CMakeFiles/razzismo.dir/home/yogn/pico/pico-sdk/lib/tinyusb/src/portable/raspberrypi/rp2040/dcd_rp2040.c.obj
 .time_critical.hw_handle_buff_status
                0x0000000020000450       0xa8 CMakeFiles/razzismo.dir/home/yogn/pico/pico-sdk/lib/tinyusb/src/portable/raspberrypi/rp2040/dcd_rp2040.c.obj
 .time_critical.dcd_rp2040_irq
                0x00000000200004f8      0x4d8 CMakeFiles/razzismo.dir/home/yogn/pico/pico-sdk/lib/tinyusb/src/portable/raspberrypi/rp2040/dcd_rp2040.c.obj
 .time_critical.e15_is_bulkin_ep
                0x00000000200009d0       0x28 CMakeFiles/razzismo.dir/home/yogn/pico/pico-sdk/lib/tinyusb/src/portable/raspberrypi/rp2040/rp2040_usb.c.obj
 .time_critical.e15_is_critical_frame_period
                0x00000000200009f8       0x34 CMakeFiles/razzismo.dir/home/yogn/pico/pico-sdk/lib/tinyusb/src/portable/raspberrypi/rp2040/rp2040_usb.c.obj
 .time_critical.prepare_ep_buffer
                0x0000000020000a2c       0x70 CMakeFiles/razzismo.dir/home/yogn/pico/pico-sdk/lib/tinyusb/src/portable/raspberrypi/rp2040/rp2040_usb.c.obj
 .time_critical.sync_ep_buffer
                0x0000000020000a9c       0x4c CMakeFiles/razzismo.dir/home/yogn/pico/pico-sdk/lib/tinyusb/src/portable/raspberrypi/rp2040/rp2040_usb.c.obj
 .time_critical._hw_endpoint_xfer_sync
                0x0000000020000ae8       0x28 CMakeFiles/razzismo.dir/home/yogn/pico/pico-sdk/lib/tinyusb/src/portable/raspberrypi/rp2040/rp2040_usb.c.obj
 .time_critical.hw_endpoint_reset_transfer
                0x0000000020000b10        0xc CMakeFiles/razzismo.dir/home/yogn/pico/pico-sdk/lib/tinyusb/src/portable/raspberrypi/rp2040/rp2040_usb.c.obj
                0x0000000020000b10                hw_endpoint_reset_transfer
 .time_critical._hw_endpoint_buffer_control_update32
                0x0000000020000b1c       0x58 CMakeFiles/razzismo.dir/home/yogn/pico/pico-sdk/lib/tinyusb/src/portable/raspberrypi/rp2040/rp2040_usb.c.obj
                0x0000000020000b1c                _hw_endpoint_buffer_control_update32
 .time_critical.hw_endpoint_start_next_buffer
                0x0000000020000b74       0x6c CMakeFiles/razzismo.dir/home/yogn/pico/pico-sdk/lib/tinyusb/src/portable/raspberrypi/rp2040/rp2040_usb.c.obj
                0x0000000020000b74                hw_endpoint_start_next_buffer
 .time_critical.hw_endpoint_xfer_continue
                0x0000000020000be0       0x50 CMakeFiles/razzismo.dir/home/yogn/pico/pico-sdk/lib/tinyusb/src/portable/raspberrypi/rp2040/rp2040_usb.c.obj
                0x0000000020000be0                hw_endpoint_xfer_continue
 .time_critical.tinyusb
                0x0000000020000c30      0x170 CMakeFiles/razzismo.dir/home/yogn/pico/pico-sdk/lib/tinyusb/src/device/usbd.c.obj
                0x0000000020000c30                dcd_event_handler
 *(.text*)
 .text          0x0000000020000da0        0x4 /opt/gcc-arm-none-eabi-10-2020-q4-major/bin/../lib/gcc/arm-none-eabi/10.2.1/thumb/v6-m/nofp/libgcc.a(_dvmd_tls.o)
                0x0000000020000da0                __aeabi_ldiv0
                0x0000000020000da0                __aeabi_idiv0
 *fill*         0x0000000020000da4        0x4 
 .text.__stub   0x0000000020000da8       0x70 linker stubs
                0x0000000020000e18                . = ALIGN (0x4)
 *(.rodata*)
                0x0000000020000e18                . = ALIGN (0x4)
 *(.data*)
 .data.striped_spin_lock_num
                0x0000000020000e18        0x1 CMakeFiles/razzismo.dir/home/yogn/pico/pico-sdk/src/rp2_common/hardware_sync/sync.c.obj
 *fill*         0x0000000020000e19        0x3 
 .data          0x0000000020000e1c       0x48 CMakeFiles/razzismo.dir/home/yogn/pico/pico-sdk/src/rp2_common/hardware_irq/irq_handler_chain.S.obj
                0x0000000020000e1c                irq_handler_chain_slots
                0x0000000020000e4c                irq_handler_chain_first_slot
                0x0000000020000e56                irq_handler_chain_remove_tail
 .data.default_alarm_pool
                0x0000000020000e64       0x18 CMakeFiles/razzismo.dir/home/yogn/pico/pico-sdk/src/common/pico_time/time.c.obj
 .data.default_alarm_pool_heap
                0x0000000020000e7c       0x10 CMakeFiles/razzismo.dir/home/yogn/pico/pico-sdk/src/common/pico_time/time.c.obj
 *fill*         0x0000000020000e8c        0x4 
 .data.aeabi_bits_funcs
                0x0000000020000e90       0x10 CMakeFiles/razzismo.dir/home/yogn/pico/pico-sdk/src/rp2_common/pico_bit_ops/bit_ops_aeabi.S.obj
                0x0000000020000e90                aeabi_bits_funcs
                0x0000000020000ea0                aeabi_bits_funcs_end
 .data.aeabi_mem_funcs
                0x0000000020000ea0       0x10 CMakeFiles/razzismo.dir/home/yogn/pico/pico-sdk/src/rp2_common/pico_mem_ops/mem_ops_aeabi.S.obj
                0x0000000020000ea0                aeabi_mem_funcs
                0x0000000020000eb0                aeabi_mem_funcs_end
 .data.stdio_usb
                0x0000000020000eb0       0x18 CMakeFiles/razzismo.dir/home/yogn/pico/pico-sdk/src/rp2_common/pico_stdio_usb/stdio_usb.c.obj
                0x0000000020000eb0                stdio_usb
 .data.ep_dir_string
                0x0000000020000ec8        0x8 CMakeFiles/razzismo.dir/home/yogn/pico/pico-sdk/lib/tinyusb/src/portable/raspberrypi/rp2040/rp2040_usb.c.obj
                0x0000000020000ec8                ep_dir_string
 .data._usbd_qdef
                0x0000000020000ed0       0x1c CMakeFiles/razzismo.dir/home/yogn/pico/pico-sdk/lib/tinyusb/src/device/usbd.c.obj
                0x0000000020000ed0                _usbd_qdef
 .data._usbd_rhport
                0x0000000020000eec        0x1 CMakeFiles/razzismo.dir/home/yogn/pico/pico-sdk/lib/tinyusb/src/device/usbd.c.obj
 *fill*         0x0000000020000eed        0x3 
 .data.i2c0_inst
                0x0000000020000ef0        0x8 CMakeFiles/razzismo.dir/home/yogn/pico/pico-sdk/src/rp2_common/hardware_i2c/i2c.c.obj
                0x0000000020000ef0                i2c0_inst
                0x0000000020000ef8                . = ALIGN (0x4)
 *(.after_data.*)
                0x0000000020000ef8                . = ALIGN (0x4)
                0x0000000020000ef8                PROVIDE (__mutex_array_start = .)
 *(SORT_BY_NAME(.mutex_array.*))
 *(.mutex_array)
 .mutex_array   0x0000000020000ef8        0x8 CMakeFiles/razzismo.dir/home/yogn/pico/pico-sdk/src/rp2_common/pico_stdio/stdio.c.obj
                0x0000000020000f00                PROVIDE (__mutex_array_end = .)
                0x0000000020000f00                . = ALIGN (0x4)
                0x0000000020000f00                PROVIDE (__preinit_array_start = .)
 *(SORT_BY_NAME(.preinit_array.*))
 .preinit_array.00001
                0x0000000020000f00        0x4 CMakeFiles/razzismo.dir/home/yogn/pico/pico-sdk/src/rp2_common/pico_mem_ops/mem_ops_aeabi.S.obj
 .preinit_array.00010
                0x0000000020000f04        0x4 CMakeFiles/razzismo.dir/home/yogn/pico/pico-sdk/src/rp2_common/pico_bit_ops/bit_ops_aeabi.S.obj
 .preinit_array.00020
                0x0000000020000f08        0x4 CMakeFiles/razzismo.dir/home/yogn/pico/pico-sdk/src/rp2_common/pico_double/double_aeabi.S.obj
 .preinit_array.00020
                0x0000000020000f0c        0x4 CMakeFiles/razzismo.dir/home/yogn/pico/pico-sdk/src/rp2_common/pico_float/float_aeabi.S.obj
 *(.preinit_array)
                0x0000000020000f10                PROVIDE (__preinit_array_end = .)
                0x0000000020000f10                . = ALIGN (0x4)
                0x0000000020000f10                PROVIDE (__init_array_start = .)
 *(SORT_BY_NAME(.init_array.*))
 *(.init_array)
 .init_array    0x0000000020000f10        0x4 /opt/gcc-arm-none-eabi-10-2020-q4-major/bin/../lib/gcc/arm-none-eabi/10.2.1/thumb/v6-m/nofp/crtbegin.o
 .init_array    0x0000000020000f14        0x4 CMakeFiles/razzismo.dir/home/yogn/pico/pico-sdk/src/rp2_common/pico_unique_id/unique_id.c.obj
                0x0000000020000f18                PROVIDE (__init_array_end = .)
                0x0000000020000f18                . = ALIGN (0x4)
                [!provide]                        PROVIDE (__fini_array_start = .)
 *(SORT_BY_NAME(.fini_array.*))
 *(.fini_array)
                [!provide]                        PROVIDE (__fini_array_end = .)
 *(.jcr)
                0x0000000020000f18                . = ALIGN (0x4)
                0x0000000020000f18                __data_end__ = .
                0x0000000010007394                __etext = LOADADDR (.data)

.igot.plt       0x0000000020000f18        0x0 load address 0x00000000100081ec
 .igot.plt      0x0000000020000f18        0x0 /opt/gcc-arm-none-eabi-10-2020-q4-major/bin/../lib/gcc/arm-none-eabi/10.2.1/thumb/v6-m/nofp/crtbegin.o

.uninitialized_data
                0x0000000020000f18        0x0 load address 0x00000000100081ec
                0x0000000020000f18                . = ALIGN (0x4)
 *(.uninitialized_data*)

.scratch_x      0x0000000020040000        0x0 load address 0x00000000100081ec
                0x0000000020040000                __scratch_x_start__ = .
 *(.scratch_x.*)
                0x0000000020040000                . = ALIGN (0x4)
                0x0000000020040000                __scratch_x_end__ = .
                0x00000000100081ec                __scratch_x_source__ = LOADADDR (.scratch_x)

.scratch_y      0x0000000020041000        0x0 load address 0x00000000100081ec
                0x0000000020041000                __scratch_y_start__ = .
 *(.scratch_y.*)
                0x0000000020041000                . = ALIGN (0x4)
                0x0000000020041000                __scratch_y_end__ = .
                0x00000000100081ec                __scratch_y_source__ = LOADADDR (.scratch_y)

.bss            0x0000000020000f18      0xd88
                0x0000000020000f18                . = ALIGN (0x4)
                0x0000000020000f18                __bss_start__ = .
 *(SORT_BY_ALIGNMENT(SORT_BY_NAME(.bss*)))
 .bss.default_alarm_pool_entries
                0x0000000020000f18      0x100 CMakeFiles/razzismo.dir/home/yogn/pico/pico-sdk/src/common/pico_time/time.c.obj
 .bss.last_avail_time.1
                0x0000000020001018        0x8 CMakeFiles/razzismo.dir/home/yogn/pico/pico-sdk/src/rp2_common/pico_stdio_usb/stdio_usb.c.obj
 .bss.sd_table  0x0000000020001020      0x100 CMakeFiles/razzismo.dir/home/yogn/pico/pico-sdk/src/rp2_common/pico_double/double_init_rom.c.obj
                0x0000000020001020                sd_table
 .bss           0x0000000020001120       0x1c /opt/gcc-arm-none-eabi-10-2020-q4-major/bin/../lib/gcc/arm-none-eabi/10.2.1/thumb/v6-m/nofp/crtbegin.o
 .bss._app_driver
                0x000000002000113c        0x4 CMakeFiles/razzismo.dir/home/yogn/pico/pico-sdk/lib/tinyusb/src/device/usbd.c.obj
 .bss._cdcd_itf
                0x0000000020001140      0x2c8 CMakeFiles/razzismo.dir/home/yogn/pico/pico-sdk/lib/tinyusb/src/class/cdc/cdc_device.c.obj
 .bss._ctrl_xfer
                0x0000000020001408       0x14 CMakeFiles/razzismo.dir/home/yogn/pico/pico-sdk/lib/tinyusb/src/device/usbd_control.c.obj
 .bss._ubsd_mutexdef
                0x000000002000141c        0x8 CMakeFiles/razzismo.dir/home/yogn/pico/pico-sdk/lib/tinyusb/src/device/usbd.c.obj
 .bss._usbd_ctrl_buf
                0x0000000020001424       0x40 CMakeFiles/razzismo.dir/home/yogn/pico/pico-sdk/lib/tinyusb/src/device/usbd_control.c.obj
 .bss._usbd_dev
                0x0000000020001464       0x53 CMakeFiles/razzismo.dir/home/yogn/pico/pico-sdk/lib/tinyusb/src/device/usbd.c.obj
 *fill*         0x00000000200014b7        0x1 
 .bss._usbd_mutex
                0x00000000200014b8        0x4 CMakeFiles/razzismo.dir/home/yogn/pico/pico-sdk/lib/tinyusb/src/device/usbd.c.obj
 .bss._usbd_q   0x00000000200014bc        0x4 CMakeFiles/razzismo.dir/home/yogn/pico/pico-sdk/lib/tinyusb/src/device/usbd.c.obj
 .bss._usbd_qdef_buf
                0x00000000200014c0       0xc0 CMakeFiles/razzismo.dir/home/yogn/pico/pico-sdk/lib/tinyusb/src/device/usbd.c.obj
                0x00000000200014c0                _usbd_qdef_buf
 .bss.alarm_callbacks
                0x0000000020001580       0x10 CMakeFiles/razzismo.dir/home/yogn/pico/pico-sdk/src/rp2_common/hardware_timer/timer.c.obj
 .bss.boot2_copyout
                0x0000000020001590      0x100 CMakeFiles/razzismo.dir/home/yogn/pico/pico-sdk/src/rp2_common/hardware_flash/flash.c.obj
 .bss.chars_available_callback
                0x0000000020001690        0x4 CMakeFiles/razzismo.dir/home/yogn/pico/pico-sdk/src/rp2_common/pico_stdio_usb/stdio_usb.c.obj
 .bss.chars_available_param
                0x0000000020001694        0x4 CMakeFiles/razzismo.dir/home/yogn/pico/pico-sdk/src/rp2_common/pico_stdio_usb/stdio_usb.c.obj
 .bss.claimed   0x0000000020001698        0x4 CMakeFiles/razzismo.dir/home/yogn/pico/pico-sdk/src/rp2_common/hardware_sync/sync.c.obj
 .bss.configured_freq
                0x000000002000169c       0x28 CMakeFiles/razzismo.dir/home/yogn/pico/pico-sdk/src/rp2_common/hardware_clocks/clocks.c.obj
 .bss.default_alarm_pool_entry_ids_high
                0x00000000200016c4       0x10 CMakeFiles/razzismo.dir/home/yogn/pico/pico-sdk/src/common/pico_time/time.c.obj
 .bss.default_alarm_pool_heap_nodes
                0x00000000200016d4       0x30 CMakeFiles/razzismo.dir/home/yogn/pico/pico-sdk/src/common/pico_time/time.c.obj
 .bss.desc_str.0
                0x0000000020001704       0x28 CMakeFiles/razzismo.dir/home/yogn/pico/pico-sdk/src/rp2_common/pico_stdio_usb/stdio_usb_descriptors.c.obj
 .bss.drivers   0x000000002000172c        0x4 CMakeFiles/razzismo.dir/home/yogn/pico/pico-sdk/src/rp2_common/pico_stdio/stdio.c.obj
 .bss.e15_last_sof
                0x0000000020001730        0x4 CMakeFiles/razzismo.dir/home/yogn/pico/pico-sdk/lib/tinyusb/src/portable/raspberrypi/rp2040/rp2040_usb.c.obj
                0x0000000020001730                e15_last_sof
 .bss.filter    0x0000000020001734        0x4 CMakeFiles/razzismo.dir/home/yogn/pico/pico-sdk/src/rp2_common/pico_stdio/stdio.c.obj
 .bss.hw_endpoints
                0x0000000020001738      0x400 CMakeFiles/razzismo.dir/home/yogn/pico/pico-sdk/lib/tinyusb/src/portable/raspberrypi/rp2040/dcd_rp2040.c.obj
 .bss.lazy_vsnprintf
                0x0000000020001b38        0x4 CMakeFiles/razzismo.dir/home/yogn/pico/pico-sdk/src/rp2_common/pico_printf/printf.c.obj
 .bss.load_value
                0x0000000020001b3c        0x4 CMakeFiles/razzismo.dir/home/yogn/pico/pico-sdk/src/rp2_common/hardware_watchdog/watchdog.c.obj
 .bss.next_buffer_ptr
                0x0000000020001b40        0x4 CMakeFiles/razzismo.dir/home/yogn/pico/pico-sdk/lib/tinyusb/src/portable/raspberrypi/rp2040/dcd_rp2040.c.obj
 .bss.one_shot_timer_crit_sec
                0x0000000020001b44        0x8 CMakeFiles/razzismo.dir/home/yogn/pico/pico-sdk/src/rp2_common/pico_stdio_usb/stdio_usb.c.obj
 .bss.pools     0x0000000020001b4c       0x10 CMakeFiles/razzismo.dir/home/yogn/pico/pico-sdk/src/common/pico_time/time.c.obj
 .bss.retrieved_id
                0x0000000020001b5c        0x8 CMakeFiles/razzismo.dir/home/yogn/pico/pico-sdk/src/rp2_common/pico_unique_id/unique_id.c.obj
 .bss.sf_clz_func
                0x0000000020001b64        0x4 CMakeFiles/razzismo.dir/home/yogn/pico/pico-sdk/src/rp2_common/pico_double/double_init_rom.c.obj
                0x0000000020001b64                sf_clz_func
 .bss.sf_table  0x0000000020001b68      0x100 CMakeFiles/razzismo.dir/home/yogn/pico/pico-sdk/src/rp2_common/pico_float/float_init_rom.c.obj
                0x0000000020001b68                sf_table
 .bss.sleep_notifier
                0x0000000020001c68        0x4 CMakeFiles/razzismo.dir/home/yogn/pico/pico-sdk/src/common/pico_time/time.c.obj
 .bss.stdio_usb_mutex
                0x0000000020001c6c        0x8 CMakeFiles/razzismo.dir/home/yogn/pico/pico-sdk/src/rp2_common/pico_stdio_usb/stdio_usb.c.obj
 .bss.target_hi
                0x0000000020001c74       0x10 CMakeFiles/razzismo.dir/home/yogn/pico/pico-sdk/src/rp2_common/hardware_timer/timer.c.obj
 .bss.usbd_serial_str
                0x0000000020001c84       0x11 CMakeFiles/razzismo.dir/home/yogn/pico/pico-sdk/src/rp2_common/pico_stdio_usb/stdio_usb_descriptors.c.obj
 .bss._app_driver_count
                0x0000000020001c95        0x1 CMakeFiles/razzismo.dir/home/yogn/pico/pico-sdk/lib/tinyusb/src/device/usbd.c.obj
 .bss._sof_enable
                0x0000000020001c96        0x1 CMakeFiles/razzismo.dir/home/yogn/pico/pico-sdk/lib/tinyusb/src/portable/raspberrypi/rp2040/dcd_rp2040.c.obj
 .bss.boot2_copyout_valid
                0x0000000020001c97        0x1 CMakeFiles/razzismo.dir/home/yogn/pico/pico-sdk/src/rp2_common/hardware_flash/flash.c.obj
 .bss.claimed   0x0000000020001c98        0x1 CMakeFiles/razzismo.dir/home/yogn/pico/pico-sdk/src/rp2_common/hardware_timer/timer.c.obj
 .bss.irq_hander_chain_free_slot_head
                0x0000000020001c99        0x1 CMakeFiles/razzismo.dir/home/yogn/pico/pico-sdk/src/rp2_common/hardware_irq/irq.c.obj
 .bss.itf_num   0x0000000020001c9a        0x1 CMakeFiles/razzismo.dir/home/yogn/pico/pico-sdk/src/rp2_common/pico_stdio_usb/reset_interface.c.obj
 .bss.low_priority_irq_num
                0x0000000020001c9b        0x1 CMakeFiles/razzismo.dir/home/yogn/pico/pico-sdk/src/rp2_common/pico_stdio_usb/stdio_usb.c.obj
 .bss.one_shot_timer_pending
                0x0000000020001c9c        0x1 CMakeFiles/razzismo.dir/home/yogn/pico/pico-sdk/src/rp2_common/pico_stdio_usb/stdio_usb.c.obj
 .bss.timer_callbacks_pending
                0x0000000020001c9d        0x1 CMakeFiles/razzismo.dir/home/yogn/pico/pico-sdk/src/rp2_common/hardware_timer/timer.c.obj
 .bss.user_irq_claimed
                0x0000000020001c9e        0x1 CMakeFiles/razzismo.dir/home/yogn/pico/pico-sdk/src/rp2_common/hardware_irq/irq.c.obj
 *(COMMON)
                0x0000000020001ca0                . = ALIGN (0x4)
 *fill*         0x0000000020001c9f        0x1 
                0x0000000020001ca0                __bss_end__ = .

.heap           0x0000000020001ca0      0x800
                0x0000000020001ca0                __end__ = .
                0x0000000020001ca0                end = __end__
 *(.heap*)
 .heap          0x0000000020001ca0      0x800 CMakeFiles/razzismo.dir/home/yogn/pico/pico-sdk/src/rp2_common/pico_standard_link/crt0.S.obj
                0x00000000200024a0                __HeapLimit = .

.stack1_dummy   0x0000000020040000        0x0
 *(.stack1*)

.stack_dummy    0x0000000020041000      0x800
 *(.stack*)
 .stack         0x0000000020041000      0x800 CMakeFiles/razzismo.dir/home/yogn/pico/pico-sdk/src/rp2_common/pico_standard_link/crt0.S.obj

.flash_end      0x00000000100081ec        0x0
                0x00000000100081ec                PROVIDE (__flash_binary_end = .)
                0x0000000020040000                __StackLimit = (ORIGIN (RAM) + LENGTH (RAM))
                0x0000000020041000                __StackOneTop = (ORIGIN (SCRATCH_X) + LENGTH (SCRATCH_X))
                0x0000000020042000                __StackTop = (ORIGIN (SCRATCH_Y) + LENGTH (SCRATCH_Y))
                0x0000000020041000                __StackOneBottom = (__StackOneTop - SIZEOF (.stack1_dummy))
                0x0000000020041800                __StackBottom = (__StackTop - SIZEOF (.stack_dummy))
                0x0000000020042000                PROVIDE (__stack = __StackTop)
                0x0000000000000001                ASSERT ((__StackLimit >= __HeapLimit), region RAM overflowed)
                0x0000000000000001                ASSERT (((__binary_info_header_end - __logical_binary_start) <= 0x100), Binary info must be in first 256 bytes of the binary)
LOAD CMakeFiles/razzismo.dir/razzismo.cpp.obj
LOAD CMakeFiles/razzismo.dir/home/yogn/pico/pico-sdk/src/rp2_common/pico_stdlib/stdlib.c.obj
LOAD CMakeFiles/razzismo.dir/home/yogn/pico/pico-sdk/src/rp2_common/hardware_gpio/gpio.c.obj
LOAD CMakeFiles/razzismo.dir/home/yogn/pico/pico-sdk/src/rp2_common/pico_platform/platform.c.obj
LOAD CMakeFiles/razzismo.dir/home/yogn/pico/pico-sdk/src/rp2_common/hardware_claim/claim.c.obj
LOAD CMakeFiles/razzismo.dir/home/yogn/pico/pico-sdk/src/rp2_common/hardware_sync/sync.c.obj
LOAD CMakeFiles/razzismo.dir/home/yogn/pico/pico-sdk/src/rp2_common/hardware_irq/irq.c.obj
LOAD CMakeFiles/razzismo.dir/home/yogn/pico/pico-sdk/src/rp2_common/hardware_irq/irq_handler_chain.S.obj
LOAD CMakeFiles/razzismo.dir/home/yogn/pico/pico-sdk/src/common/pico_sync/sem.c.obj
LOAD CMakeFiles/razzismo.dir/home/yogn/pico/pico-sdk/src/common/pico_sync/lock_core.c.obj
LOAD CMakeFiles/razzismo.dir/home/yogn/pico/pico-sdk/src/common/pico_sync/mutex.c.obj
LOAD CMakeFiles/razzismo.dir/home/yogn/pico/pico-sdk/src/common/pico_sync/critical_section.c.obj
LOAD CMakeFiles/razzismo.dir/home/yogn/pico/pico-sdk/src/common/pico_time/time.c.obj
LOAD CMakeFiles/razzismo.dir/home/yogn/pico/pico-sdk/src/common/pico_time/timeout_helper.c.obj
LOAD CMakeFiles/razzismo.dir/home/yogn/pico/pico-sdk/src/rp2_common/hardware_timer/timer.c.obj
LOAD CMakeFiles/razzismo.dir/home/yogn/pico/pico-sdk/src/common/pico_util/datetime.c.obj
LOAD CMakeFiles/razzismo.dir/home/yogn/pico/pico-sdk/src/common/pico_util/pheap.c.obj
LOAD CMakeFiles/razzismo.dir/home/yogn/pico/pico-sdk/src/common/pico_util/queue.c.obj
LOAD CMakeFiles/razzismo.dir/home/yogn/pico/pico-sdk/src/rp2_common/hardware_uart/uart.c.obj
LOAD CMakeFiles/razzismo.dir/home/yogn/pico/pico-sdk/src/rp2_common/hardware_clocks/clocks.c.obj
LOAD CMakeFiles/razzismo.dir/home/yogn/pico/pico-sdk/src/rp2_common/hardware_pll/pll.c.obj
LOAD CMakeFiles/razzismo.dir/home/yogn/pico/pico-sdk/src/rp2_common/hardware_vreg/vreg.c.obj
LOAD CMakeFiles/razzismo.dir/home/yogn/pico/pico-sdk/src/rp2_common/hardware_watchdog/watchdog.c.obj
LOAD CMakeFiles/razzismo.dir/home/yogn/pico/pico-sdk/src/rp2_common/hardware_xosc/xosc.c.obj
LOAD CMakeFiles/razzismo.dir/home/yogn/pico/pico-sdk/src/rp2_common/hardware_divider/divider.S.obj
LOAD CMakeFiles/razzismo.dir/home/yogn/pico/pico-sdk/src/rp2_common/pico_runtime/runtime.c.obj
LOAD CMakeFiles/razzismo.dir/home/yogn/pico/pico-sdk/src/rp2_common/pico_printf/printf.c.obj
LOAD CMakeFiles/razzismo.dir/home/yogn/pico/pico-sdk/src/rp2_common/pico_bit_ops/bit_ops_aeabi.S.obj
LOAD CMakeFiles/razzismo.dir/home/yogn/pico/pico-sdk/src/rp2_common/pico_bootrom/bootrom.c.obj
LOAD CMakeFiles/razzismo.dir/home/yogn/pico/pico-sdk/src/rp2_common/pico_divider/divider.S.obj
LOAD CMakeFiles/razzismo.dir/home/yogn/pico/pico-sdk/src/rp2_common/pico_double/double_aeabi.S.obj
LOAD CMakeFiles/razzismo.dir/home/yogn/pico/pico-sdk/src/rp2_common/pico_double/double_init_rom.c.obj
LOAD CMakeFiles/razzismo.dir/home/yogn/pico/pico-sdk/src/rp2_common/pico_double/double_math.c.obj
LOAD CMakeFiles/razzismo.dir/home/yogn/pico/pico-sdk/src/rp2_common/pico_double/double_v1_rom_shim.S.obj
LOAD CMakeFiles/razzismo.dir/home/yogn/pico/pico-sdk/src/rp2_common/pico_int64_ops/pico_int64_ops_aeabi.S.obj
LOAD CMakeFiles/razzismo.dir/home/yogn/pico/pico-sdk/src/rp2_common/pico_float/float_aeabi.S.obj
LOAD CMakeFiles/razzismo.dir/home/yogn/pico/pico-sdk/src/rp2_common/pico_float/float_init_rom.c.obj
LOAD CMakeFiles/razzismo.dir/home/yogn/pico/pico-sdk/src/rp2_common/pico_float/float_math.c.obj
LOAD CMakeFiles/razzismo.dir/home/yogn/pico/pico-sdk/src/rp2_common/pico_float/float_v1_rom_shim.S.obj
LOAD CMakeFiles/razzismo.dir/home/yogn/pico/pico-sdk/src/rp2_common/pico_malloc/pico_malloc.c.obj
LOAD CMakeFiles/razzismo.dir/home/yogn/pico/pico-sdk/src/rp2_common/pico_mem_ops/mem_ops_aeabi.S.obj
LOAD CMakeFiles/razzismo.dir/home/yogn/pico/pico-sdk/src/rp2_common/pico_standard_link/crt0.S.obj
LOAD CMakeFiles/razzismo.dir/home/yogn/pico/pico-sdk/src/rp2_common/pico_standard_link/new_delete.cpp.obj
LOAD CMakeFiles/razzismo.dir/home/yogn/pico/pico-sdk/src/rp2_common/pico_standard_link/binary_info.c.obj
LOAD CMakeFiles/razzismo.dir/home/yogn/pico/pico-sdk/src/rp2_common/pico_stdio/stdio.c.obj
LOAD CMakeFiles/razzismo.dir/home/yogn/pico/pico-sdk/src/rp2_common/pico_stdio_usb/reset_interface.c.obj
LOAD CMakeFiles/razzismo.dir/home/yogn/pico/pico-sdk/src/rp2_common/pico_stdio_usb/stdio_usb.c.obj
LOAD CMakeFiles/razzismo.dir/home/yogn/pico/pico-sdk/src/rp2_common/pico_stdio_usb/stdio_usb_descriptors.c.obj
LOAD CMakeFiles/razzismo.dir/home/yogn/pico/pico-sdk/src/rp2_common/pico_unique_id/unique_id.c.obj
LOAD CMakeFiles/razzismo.dir/home/yogn/pico/pico-sdk/src/rp2_common/hardware_flash/flash.c.obj
LOAD CMakeFiles/razzismo.dir/home/yogn/pico/pico-sdk/lib/tinyusb/src/portable/raspberrypi/rp2040/dcd_rp2040.c.obj
LOAD CMakeFiles/razzismo.dir/home/yogn/pico/pico-sdk/lib/tinyusb/src/portable/raspberrypi/rp2040/rp2040_usb.c.obj
LOAD CMakeFiles/razzismo.dir/home/yogn/pico/pico-sdk/lib/tinyusb/src/device/usbd.c.obj
LOAD CMakeFiles/razzismo.dir/home/yogn/pico/pico-sdk/lib/tinyusb/src/device/usbd_control.c.obj
LOAD CMakeFiles/razzismo.dir/home/yogn/pico/pico-sdk/lib/tinyusb/src/class/audio/audio_device.c.obj
LOAD CMakeFiles/razzismo.dir/home/yogn/pico/pico-sdk/lib/tinyusb/src/class/cdc/cdc_device.c.obj
LOAD CMakeFiles/razzismo.dir/home/yogn/pico/pico-sdk/lib/tinyusb/src/class/dfu/dfu_device.c.obj
LOAD CMakeFiles/razzismo.dir/home/yogn/pico/pico-sdk/lib/tinyusb/src/class/dfu/dfu_rt_device.c.obj
LOAD CMakeFiles/razzismo.dir/home/yogn/pico/pico-sdk/lib/tinyusb/src/class/hid/hid_device.c.obj
LOAD CMakeFiles/razzismo.dir/home/yogn/pico/pico-sdk/lib/tinyusb/src/class/midi/midi_device.c.obj
LOAD CMakeFiles/razzismo.dir/home/yogn/pico/pico-sdk/lib/tinyusb/src/class/msc/msc_device.c.obj
LOAD CMakeFiles/razzismo.dir/home/yogn/pico/pico-sdk/lib/tinyusb/src/class/net/ecm_rndis_device.c.obj
LOAD CMakeFiles/razzismo.dir/home/yogn/pico/pico-sdk/lib/tinyusb/src/class/net/ncm_device.c.obj
LOAD CMakeFiles/razzismo.dir/home/yogn/pico/pico-sdk/lib/tinyusb/src/class/usbtmc/usbtmc_device.c.obj
LOAD CMakeFiles/razzismo.dir/home/yogn/pico/pico-sdk/lib/tinyusb/src/class/vendor/vendor_device.c.obj
LOAD CMakeFiles/razzismo.dir/home/yogn/pico/pico-sdk/lib/tinyusb/src/class/video/video_device.c.obj
LOAD CMakeFiles/razzismo.dir/home/yogn/pico/pico-sdk/lib/tinyusb/src/tusb.c.obj
LOAD CMakeFiles/razzismo.dir/home/yogn/pico/pico-sdk/lib/tinyusb/src/common/tusb_fifo.c.obj
LOAD CMakeFiles/razzismo.dir/home/yogn/pico/pico-sdk/src/rp2_common/pico_fix/rp2040_usb_device_enumeration/rp2040_usb_device_enumeration.c.obj
LOAD CMakeFiles/razzismo.dir/home/yogn/pico/pico-sdk/src/rp2_common/hardware_i2c/i2c.c.obj
LOAD Sensor_lib/libsensors.a
LOAD /tmp/ccUNNCUD.o
LOAD /opt/gcc-arm-none-eabi-10-2020-q4-major/bin/../lib/gcc/arm-none-eabi/10.2.1/../../../../arm-none-eabi/lib/thumb/v6-m/nofp/libstdc++.a
LOAD /opt/gcc-arm-none-eabi-10-2020-q4-major/bin/../lib/gcc/arm-none-eabi/10.2.1/../../../../arm-none-eabi/lib/thumb/v6-m/nofp/libm.a
START GROUP
LOAD /opt/gcc-arm-none-eabi-10-2020-q4-major/bin/../lib/gcc/arm-none-eabi/10.2.1/thumb/v6-m/nofp/libgcc.a
LOAD /opt/gcc-arm-none-eabi-10-2020-q4-major/bin/../lib/gcc/arm-none-eabi/10.2.1/../../../../arm-none-eabi/lib/thumb/v6-m/nofp/libc.a
END GROUP
START GROUP
LOAD /opt/gcc-arm-none-eabi-10-2020-q4-major/bin/../lib/gcc/arm-none-eabi/10.2.1/thumb/v6-m/nofp/libgcc.a
LOAD /opt/gcc-arm-none-eabi-10-2020-q4-major/bin/../lib/gcc/arm-none-eabi/10.2.1/../../../../arm-none-eabi/lib/thumb/v6-m/nofp/libc.a
LOAD /opt/gcc-arm-none-eabi-10-2020-q4-major/bin/../lib/gcc/arm-none-eabi/10.2.1/../../../../arm-none-eabi/lib/thumb/v6-m/nofp/libnosys.a
END GROUP
LOAD /opt/gcc-arm-none-eabi-10-2020-q4-major/bin/../lib/gcc/arm-none-eabi/10.2.1/thumb/v6-m/nofp/crtend.o
LOAD /opt/gcc-arm-none-eabi-10-2020-q4-major/bin/../lib/gcc/arm-none-eabi/10.2.1/thumb/v6-m/nofp/crtn.o
OUTPUT(razzismo.elf elf32-littlearm)
LOAD linker stubs

.ARM.attributes
                0x0000000000000000       0x28
 .ARM.attributes
                0x0000000000000000       0x1e /opt/gcc-arm-none-eabi-10-2020-q4-major/bin/../lib/gcc/arm-none-eabi/10.2.1/thumb/v6-m/nofp/crti.o
 .ARM.attributes
                0x000000000000001e       0x2c /opt/gcc-arm-none-eabi-10-2020-q4-major/bin/../lib/gcc/arm-none-eabi/10.2.1/thumb/v6-m/nofp/crtbegin.o
 .ARM.attributes
                0x000000000000004a       0x2c CMakeFiles/razzismo.dir/razzismo.cpp.obj
 .ARM.attributes
                0x0000000000000076       0x2c CMakeFiles/razzismo.dir/home/yogn/pico/pico-sdk/src/rp2_common/hardware_gpio/gpio.c.obj
 .ARM.attributes
                0x00000000000000a2       0x2c CMakeFiles/razzismo.dir/home/yogn/pico/pico-sdk/src/rp2_common/pico_platform/platform.c.obj
 .ARM.attributes
                0x00000000000000ce       0x2c CMakeFiles/razzismo.dir/home/yogn/pico/pico-sdk/src/rp2_common/hardware_claim/claim.c.obj
 .ARM.attributes
                0x00000000000000fa       0x2c CMakeFiles/razzismo.dir/home/yogn/pico/pico-sdk/src/rp2_common/hardware_sync/sync.c.obj
 .ARM.attributes
                0x0000000000000126       0x2c CMakeFiles/razzismo.dir/home/yogn/pico/pico-sdk/src/rp2_common/hardware_irq/irq.c.obj
 .ARM.attributes
                0x0000000000000152       0x22 CMakeFiles/razzismo.dir/home/yogn/pico/pico-sdk/src/rp2_common/hardware_irq/irq_handler_chain.S.obj
 .ARM.attributes
                0x0000000000000174       0x2c CMakeFiles/razzismo.dir/home/yogn/pico/pico-sdk/src/common/pico_sync/lock_core.c.obj
 .ARM.attributes
                0x00000000000001a0       0x2c CMakeFiles/razzismo.dir/home/yogn/pico/pico-sdk/src/common/pico_sync/mutex.c.obj
 .ARM.attributes
                0x00000000000001cc       0x2c CMakeFiles/razzismo.dir/home/yogn/pico/pico-sdk/src/common/pico_sync/critical_section.c.obj
 .ARM.attributes
                0x00000000000001f8       0x2c CMakeFiles/razzismo.dir/home/yogn/pico/pico-sdk/src/common/pico_time/time.c.obj
 .ARM.attributes
                0x0000000000000224       0x2c CMakeFiles/razzismo.dir/home/yogn/pico/pico-sdk/src/rp2_common/hardware_timer/timer.c.obj
 .ARM.attributes
                0x0000000000000250       0x2c CMakeFiles/razzismo.dir/home/yogn/pico/pico-sdk/src/common/pico_util/pheap.c.obj
 .ARM.attributes
                0x000000000000027c       0x2c CMakeFiles/razzismo.dir/home/yogn/pico/pico-sdk/src/rp2_common/hardware_clocks/clocks.c.obj
 .ARM.attributes
                0x00000000000002a8       0x2c CMakeFiles/razzismo.dir/home/yogn/pico/pico-sdk/src/rp2_common/hardware_pll/pll.c.obj
 .ARM.attributes
                0x00000000000002d4       0x2c CMakeFiles/razzismo.dir/home/yogn/pico/pico-sdk/src/rp2_common/hardware_watchdog/watchdog.c.obj
 .ARM.attributes
                0x0000000000000300       0x2c CMakeFiles/razzismo.dir/home/yogn/pico/pico-sdk/src/rp2_common/hardware_xosc/xosc.c.obj
 .ARM.attributes
                0x000000000000032c       0x2c CMakeFiles/razzismo.dir/home/yogn/pico/pico-sdk/src/rp2_common/pico_runtime/runtime.c.obj
 .ARM.attributes
                0x0000000000000358       0x2c CMakeFiles/razzismo.dir/home/yogn/pico/pico-sdk/src/rp2_common/pico_printf/printf.c.obj
 .ARM.attributes
                0x0000000000000384       0x22 CMakeFiles/razzismo.dir/home/yogn/pico/pico-sdk/src/rp2_common/pico_bit_ops/bit_ops_aeabi.S.obj
 .ARM.attributes
                0x00000000000003a6       0x2c CMakeFiles/razzismo.dir/home/yogn/pico/pico-sdk/src/rp2_common/pico_bootrom/bootrom.c.obj
 .ARM.attributes
                0x00000000000003d2       0x22 CMakeFiles/razzismo.dir/home/yogn/pico/pico-sdk/src/rp2_common/pico_divider/divider.S.obj
 .ARM.attributes
                0x00000000000003f4       0x22 CMakeFiles/razzismo.dir/home/yogn/pico/pico-sdk/src/rp2_common/pico_double/double_aeabi.S.obj
 .ARM.attributes
                0x0000000000000416       0x2c CMakeFiles/razzismo.dir/home/yogn/pico/pico-sdk/src/rp2_common/pico_double/double_init_rom.c.obj
 .ARM.attributes
                0x0000000000000442       0x22 CMakeFiles/razzismo.dir/home/yogn/pico/pico-sdk/src/rp2_common/pico_double/double_v1_rom_shim.S.obj
 .ARM.attributes
                0x0000000000000464       0x22 CMakeFiles/razzismo.dir/home/yogn/pico/pico-sdk/src/rp2_common/pico_int64_ops/pico_int64_ops_aeabi.S.obj
 .ARM.attributes
                0x0000000000000486       0x22 CMakeFiles/razzismo.dir/home/yogn/pico/pico-sdk/src/rp2_common/pico_float/float_aeabi.S.obj
 .ARM.attributes
                0x00000000000004a8       0x2c CMakeFiles/razzismo.dir/home/yogn/pico/pico-sdk/src/rp2_common/pico_float/float_init_rom.c.obj
 .ARM.attributes
                0x00000000000004d4       0x22 CMakeFiles/razzismo.dir/home/yogn/pico/pico-sdk/src/rp2_common/pico_mem_ops/mem_ops_aeabi.S.obj
 .ARM.attributes
                0x00000000000004f6       0x22 CMakeFiles/razzismo.dir/home/yogn/pico/pico-sdk/src/rp2_common/pico_standard_link/crt0.S.obj
 .ARM.attributes
                0x0000000000000518       0x32 CMakeFiles/razzismo.dir/home/yogn/pico/pico-sdk/src/rp2_common/pico_standard_link/binary_info.c.obj
 .ARM.attributes
                0x000000000000054a       0x2c CMakeFiles/razzismo.dir/home/yogn/pico/pico-sdk/src/rp2_common/pico_stdio/stdio.c.obj
 .ARM.attributes
                0x0000000000000576       0x2c CMakeFiles/razzismo.dir/home/yogn/pico/pico-sdk/src/rp2_common/pico_stdio_usb/reset_interface.c.obj
 .ARM.attributes
                0x00000000000005a2       0x2c CMakeFiles/razzismo.dir/home/yogn/pico/pico-sdk/src/rp2_common/pico_stdio_usb/stdio_usb.c.obj
 .ARM.attributes
                0x00000000000005ce       0x2c CMakeFiles/razzismo.dir/home/yogn/pico/pico-sdk/src/rp2_common/pico_stdio_usb/stdio_usb_descriptors.c.obj
 .ARM.attributes
                0x00000000000005fa       0x2c CMakeFiles/razzismo.dir/home/yogn/pico/pico-sdk/src/rp2_common/pico_unique_id/unique_id.c.obj
 .ARM.attributes
                0x0000000000000626       0x2c CMakeFiles/razzismo.dir/home/yogn/pico/pico-sdk/src/rp2_common/hardware_flash/flash.c.obj
 .ARM.attributes